../Core/Src/main.c:81:6:SystemClockOverride	80	static
../Core/Src/main.c:116:5:main	176	static
../Core/Src/main.c:189:6:SystemClock_Config	88	static
../Core/Src/main.c:236:13:MX_ADC1_Init	24	static
../Core/Src/main.c:288:13:MX_ADC2_Init	24	static
../Core/Src/main.c:340:13:MX_I2C3_Init	8	static
../Core/Src/main.c:388:13:MX_LTDC_Init	112	static
../Core/Src/main.c:470:13:MX_RNG_Init	8	static
../Core/Src/main.c:496:13:MX_SPI5_Init	8	static
../Core/Src/main.c:534:13:MX_TIM3_Init	64	static
../Core/Src/main.c:597:13:MX_GPIO_Init	64	static
../Core/Src/main.c:771:6:Error_Handler	4	static,ignoring_inline_asm
