../Core/Src/main.c:81:6:SystemClockOverride	80	static
../Core/Src/main.c:116:5:main	200	static
../Core/Src/main.c:236:6:SystemClock_Config	88	static
../Core/Src/main.c:283:13:MX_ADC1_Init	24	static
../Core/Src/main.c:335:13:MX_ADC2_Init	24	static
../Core/Src/main.c:387:13:MX_I2C3_Init	8	static
../Core/Src/main.c:435:13:MX_LTDC_Init	112	static
../Core/Src/main.c:517:13:MX_RNG_Init	8	static
../Core/Src/main.c:543:13:MX_SPI5_Init	8	static
../Core/Src/main.c:581:13:MX_TIM3_Init	64	static
../Core/Src/main.c:644:13:MX_GPIO_Init	64	static
../Core/Src/main.c:818:6:Error_Handler	4	static,ignoring_inline_asm
