Archive member included to satisfy reference by file (symbol)

C:/ST/STM32CubeIDE_1.16.0/STM32CubeIDE/plugins/com.st.stm32cube.ide.mcu.externaltools.gnu-tools-for-stm32.12.3.rel1.win32_1.0.200.202406191623/tools/bin/../lib/gcc/arm-none-eabi/12.3.1/../../../../arm-none-eabi/lib/thumb/v7e-m+fp/hard\libc_nano.a(libc_a-exit.o)
                              C:/ST/STM32CubeIDE_1.16.0/STM32CubeIDE/plugins/com.st.stm32cube.ide.mcu.externaltools.gnu-tools-for-stm32.12.3.rel1.win32_1.0.200.202406191623/tools/bin/../lib/gcc/arm-none-eabi/12.3.1/../../../../arm-none-eabi/lib/thumb/v7e-m+fp/hard/crt0.o (exit)
C:/ST/STM32CubeIDE_1.16.0/STM32CubeIDE/plugins/com.st.stm32cube.ide.mcu.externaltools.gnu-tools-for-stm32.12.3.rel1.win32_1.0.200.202406191623/tools/bin/../lib/gcc/arm-none-eabi/12.3.1/../../../../arm-none-eabi/lib/thumb/v7e-m+fp/hard\libc_nano.a(libc_a-findfp.o)
                              C:/ST/STM32CubeIDE_1.16.0/STM32CubeIDE/plugins/com.st.stm32cube.ide.mcu.externaltools.gnu-tools-for-stm32.12.3.rel1.win32_1.0.200.202406191623/tools/bin/../lib/gcc/arm-none-eabi/12.3.1/../../../../arm-none-eabi/lib/thumb/v7e-m+fp/hard\libc_nano.a(libc_a-exit.o) (__stdio_exit_handler)
C:/ST/STM32CubeIDE_1.16.0/STM32CubeIDE/plugins/com.st.stm32cube.ide.mcu.externaltools.gnu-tools-for-stm32.12.3.rel1.win32_1.0.200.202406191623/tools/bin/../lib/gcc/arm-none-eabi/12.3.1/../../../../arm-none-eabi/lib/thumb/v7e-m+fp/hard\libc_nano.a(libc_a-fwalk.o)
                              C:/ST/STM32CubeIDE_1.16.0/STM32CubeIDE/plugins/com.st.stm32cube.ide.mcu.externaltools.gnu-tools-for-stm32.12.3.rel1.win32_1.0.200.202406191623/tools/bin/../lib/gcc/arm-none-eabi/12.3.1/../../../../arm-none-eabi/lib/thumb/v7e-m+fp/hard\libc_nano.a(libc_a-findfp.o) (_fwalk_sglue)
C:/ST/STM32CubeIDE_1.16.0/STM32CubeIDE/plugins/com.st.stm32cube.ide.mcu.externaltools.gnu-tools-for-stm32.12.3.rel1.win32_1.0.200.202406191623/tools/bin/../lib/gcc/arm-none-eabi/12.3.1/../../../../arm-none-eabi/lib/thumb/v7e-m+fp/hard\libc_nano.a(libc_a-stdio.o)
                              C:/ST/STM32CubeIDE_1.16.0/STM32CubeIDE/plugins/com.st.stm32cube.ide.mcu.externaltools.gnu-tools-for-stm32.12.3.rel1.win32_1.0.200.202406191623/tools/bin/../lib/gcc/arm-none-eabi/12.3.1/../../../../arm-none-eabi/lib/thumb/v7e-m+fp/hard\libc_nano.a(libc_a-findfp.o) (__sread)
C:/ST/STM32CubeIDE_1.16.0/STM32CubeIDE/plugins/com.st.stm32cube.ide.mcu.externaltools.gnu-tools-for-stm32.12.3.rel1.win32_1.0.200.202406191623/tools/bin/../lib/gcc/arm-none-eabi/12.3.1/../../../../arm-none-eabi/lib/thumb/v7e-m+fp/hard\libc_nano.a(libc_a-memset.o)
                              C:/ST/STM32CubeIDE_1.16.0/STM32CubeIDE/plugins/com.st.stm32cube.ide.mcu.externaltools.gnu-tools-for-stm32.12.3.rel1.win32_1.0.200.202406191623/tools/bin/../lib/gcc/arm-none-eabi/12.3.1/../../../../arm-none-eabi/lib/thumb/v7e-m+fp/hard/crt0.o (memset)
C:/ST/STM32CubeIDE_1.16.0/STM32CubeIDE/plugins/com.st.stm32cube.ide.mcu.externaltools.gnu-tools-for-stm32.12.3.rel1.win32_1.0.200.202406191623/tools/bin/../lib/gcc/arm-none-eabi/12.3.1/../../../../arm-none-eabi/lib/thumb/v7e-m+fp/hard\libc_nano.a(libc_a-closer.o)
                              C:/ST/STM32CubeIDE_1.16.0/STM32CubeIDE/plugins/com.st.stm32cube.ide.mcu.externaltools.gnu-tools-for-stm32.12.3.rel1.win32_1.0.200.202406191623/tools/bin/../lib/gcc/arm-none-eabi/12.3.1/../../../../arm-none-eabi/lib/thumb/v7e-m+fp/hard\libc_nano.a(libc_a-stdio.o) (_close_r)
C:/ST/STM32CubeIDE_1.16.0/STM32CubeIDE/plugins/com.st.stm32cube.ide.mcu.externaltools.gnu-tools-for-stm32.12.3.rel1.win32_1.0.200.202406191623/tools/bin/../lib/gcc/arm-none-eabi/12.3.1/../../../../arm-none-eabi/lib/thumb/v7e-m+fp/hard\libc_nano.a(libc_a-reent.o)
                              C:/ST/STM32CubeIDE_1.16.0/STM32CubeIDE/plugins/com.st.stm32cube.ide.mcu.externaltools.gnu-tools-for-stm32.12.3.rel1.win32_1.0.200.202406191623/tools/bin/../lib/gcc/arm-none-eabi/12.3.1/../../../../arm-none-eabi/lib/thumb/v7e-m+fp/hard\libc_nano.a(libc_a-closer.o) (errno)
C:/ST/STM32CubeIDE_1.16.0/STM32CubeIDE/plugins/com.st.stm32cube.ide.mcu.externaltools.gnu-tools-for-stm32.12.3.rel1.win32_1.0.200.202406191623/tools/bin/../lib/gcc/arm-none-eabi/12.3.1/../../../../arm-none-eabi/lib/thumb/v7e-m+fp/hard\libc_nano.a(libc_a-impure.o)
                              C:/ST/STM32CubeIDE_1.16.0/STM32CubeIDE/plugins/com.st.stm32cube.ide.mcu.externaltools.gnu-tools-for-stm32.12.3.rel1.win32_1.0.200.202406191623/tools/bin/../lib/gcc/arm-none-eabi/12.3.1/../../../../arm-none-eabi/lib/thumb/v7e-m+fp/hard\libc_nano.a(libc_a-reent.o) (_impure_ptr)
C:/ST/STM32CubeIDE_1.16.0/STM32CubeIDE/plugins/com.st.stm32cube.ide.mcu.externaltools.gnu-tools-for-stm32.12.3.rel1.win32_1.0.200.202406191623/tools/bin/../lib/gcc/arm-none-eabi/12.3.1/../../../../arm-none-eabi/lib/thumb/v7e-m+fp/hard\libc_nano.a(libc_a-lseekr.o)
[...]
Memory Configuration

Name             Origin             Length             Attributes
CCMRAM           0x10000000         0x00010000         xrw
RAM              0x20000000         0x00030000         xrw
FLASH            0x08000000         0x00200000         xr
*default*        0x00000000         0xffffffff

Linker script and memory map

LOAD C:/ST/STM32CubeIDE_1.16.0/STM32CubeIDE/plugins/com.st.stm32cube.ide.mcu.externaltools.gnu-tools-for-stm32.12.3.rel1.win32_1.0.200.202406191623/tools/bin/../lib/gcc/arm-none-eabi/12.3.1/thumb/v7e-m+fp/hard/crti.o
LOAD C:/ST/STM32CubeIDE_1.16.0/STM32CubeIDE/plugins/com.st.stm32cube.ide.mcu.externaltools.gnu-tools-for-stm32.12.3.rel1.win32_1.0.200.202406191623/tools/bin/../lib/gcc/arm-none-eabi/12.3.1/thumb/v7e-m+fp/hard/crtbegin.o
LOAD C:/ST/STM32CubeIDE_1.16.0/STM32CubeIDE/plugins/com.st.stm32cube.ide.mcu.externaltools.gnu-tools-for-stm32.12.3.rel1.win32_1.0.200.202406191623/tools/bin/../lib/gcc/arm-none-eabi/12.3.1/../../../../arm-none-eabi/lib/thumb/v7e-m+fp/hard/crt0.o
LOAD ./Core/Src/ApplicationCode.o
LOAD ./Core/Src/LCD_Driver.o
LOAD ./Core/Src/buttonDriver.o
LOAD ./Core/Src/diagnosticsScreen.o
LOAD ./Core/Src/fonts.o
LOAD ./Core/Src/ili9341.o
LOAD ./Core/Src/joystickDriver.o
LOAD ./Core/Src/main.o
LOAD ./Core/Src/motorDriver.o
LOAD ./Core/Src/stm32f4xx_hal_msp.o
LOAD ./Core/Src/stm32f4xx_it.o
LOAD ./Core/Src/stmpe811.o
LOAD ./Core/Src/syscalls.o
LOAD ./Core/Src/sysmem.o
LOAD ./Core/Src/system_stm32f4xx.o
LOAD ./Core/Startup/startup_stm32f429zitx.o
LOAD ./Drivers/STM32F4xx_HAL_Driver/Src/stm32f4xx_hal.o
LOAD ./Drivers/STM32F4xx_HAL_Driver/Src/stm32f4xx_hal_adc.o
LOAD ./Drivers/STM32F4xx_HAL_Driver/Src/stm32f4xx_hal_adc_ex.o
LOAD ./Drivers/STM32F4xx_HAL_Driver/Src/stm32f4xx_hal_cortex.o
LOAD ./Drivers/STM32F4xx_HAL_Driver/Src/stm32f4xx_hal_dma.o
LOAD ./Drivers/STM32F4xx_HAL_Driver/Src/stm32f4xx_hal_dma_ex.o
LOAD ./Drivers/STM32F4xx_HAL_Driver/Src/stm32f4xx_hal_dsi.o
LOAD ./Drivers/STM32F4xx_HAL_Driver/Src/stm32f4xx_hal_exti.o
LOAD ./Drivers/STM32F4xx_HAL_Driver/Src/stm32f4xx_hal_flash.o
LOAD ./Drivers/STM32F4xx_HAL_Driver/Src/stm32f4xx_hal_flash_ex.o
LOAD ./Drivers/STM32F4xx_HAL_Driver/Src/stm32f4xx_hal_flash_ramfunc.o
LOAD ./Drivers/STM32F4xx_HAL_Driver/Src/stm32f4xx_hal_gpio.o
LOAD ./Drivers/STM32F4xx_HAL_Driver/Src/stm32f4xx_hal_i2c.o
LOAD ./Drivers/STM32F4xx_HAL_Driver/Src/stm32f4xx_hal_i2c_ex.o
LOAD ./Drivers/STM32F4xx_HAL_Driver/Src/stm32f4xx_hal_ltdc.o
LOAD ./Drivers/STM32F4xx_HAL_Driver/Src/stm32f4xx_hal_ltdc_ex.o
LOAD ./Drivers/STM32F4xx_HAL_Driver/Src/stm32f4xx_hal_pwr.o
LOAD ./Drivers/STM32F4xx_HAL_Driver/Src/stm32f4xx_hal_pwr_ex.o
LOAD ./Drivers/STM32F4xx_HAL_Driver/Src/stm32f4xx_hal_rcc.o
LOAD ./Drivers/STM32F4xx_HAL_Driver/Src/stm32f4xx_hal_rcc_ex.o
LOAD ./Drivers/STM32F4xx_HAL_Driver/Src/stm32f4xx_hal_rng.o
LOAD ./Drivers/STM32F4xx_HAL_Driver/Src/stm32f4xx_hal_spi.o
LOAD ./Drivers/STM32F4xx_HAL_Driver/Src/stm32f4xx_hal_tim.o
LOAD ./Drivers/STM32F4xx_HAL_Driver/Src/stm32f4xx_hal_tim_ex.o
LOAD ./Drivers/STM32F4xx_HAL_Driver/Src/stm32f4xx_ll_adc.o
START GROUP
LOAD C:/ST/STM32CubeIDE_1.16.0/STM32CubeIDE/plugins/com.st.stm32cube.ide.mcu.externaltools.gnu-tools-for-stm32.12.3.rel1.win32_1.0.200.202406191623/tools/bin/../lib/gcc/arm-none-eabi/12.3.1/../../../../arm-none-eabi/lib/thumb/v7e-m+fp/hard\libc_nano.a
LOAD C:/ST/STM32CubeIDE_1.16.0/STM32CubeIDE/plugins/com.st.stm32cube.ide.mcu.externaltools.gnu-tools-for-stm32.12.3.rel1.win32_1.0.200.202406191623/tools/bin/../lib/gcc/arm-none-eabi/12.3.1/../../../../arm-none-eabi/lib/thumb/v7e-m+fp/hard\libm.a
END GROUP
START GROUP
LOAD C:/ST/STM32CubeIDE_1.16.0/STM32CubeIDE/plugins/com.st.stm32cube.ide.mcu.externaltools.gnu-tools-for-stm32.12.3.rel1.win32_1.0.200.202406191623/tools/bin/../lib/gcc/arm-none-eabi/12.3.1/thumb/v7e-m+fp/hard\libgcc.a
LOAD C:/ST/STM32CubeIDE_1.16.0/STM32CubeIDE/plugins/com.st.stm32cube.ide.mcu.externaltools.gnu-tools-for-stm32.12.3.rel1.win32_1.0.200.202406191623/tools/bin/../lib/gcc/arm-none-eabi/12.3.1/../../../../arm-none-eabi/lib/thumb/v7e-m+fp/hard\libc_nano.a
END GROUP
START GROUP
LOAD C:/ST/STM32CubeIDE_1.16.0/STM32CubeIDE/plugins/com.st.stm32cube.ide.mcu.externaltools.gnu-tools-for-stm32.12.3.rel1.win32_1.0.200.202406191623/tools/bin/../lib/gcc/arm-none-eabi/12.3.1/thumb/v7e-m+fp/hard\libgcc.a
LOAD C:/ST/STM32CubeIDE_1.16.0/STM32CubeIDE/plugins/com.st.stm32cube.ide.mcu.externaltools.gnu-tools-for-stm32.12.3.rel1.win32_1.0.200.202406191623/tools/bin/../lib/gcc/arm-none-eabi/12.3.1/../../../../arm-none-eabi/lib/thumb/v7e-m+fp/hard\libc_nano.a
LOAD C:/ST/STM32CubeIDE_1.16.0/STM32CubeIDE/plugins/com.st.stm32cube.ide.mcu.externaltools.gnu-tools-for-stm32.12.3.rel1.win32_1.0.200.202406191623/tools/bin/../lib/gcc/arm-none-eabi/12.3.1/../../../../arm-none-eabi/lib/thumb/v7e-m+fp/hard\libnosys.a
END GROUP
START GROUP
LOAD C:/ST/STM32CubeIDE_1.16.0/STM32CubeIDE/plugins/com.st.stm32cube.ide.mcu.externaltools.gnu-tools-for-stm32.12.3.rel1.win32_1.0.200.202406191623/tools/bin/../lib/gcc/arm-none-eabi/12.3.1/thumb/v7e-m+fp/hard\libgcc.a
LOAD C:/ST/STM32CubeIDE_1.16.0/STM32CubeIDE/plugins/com.st.stm32cube.ide.mcu.externaltools.gnu-tools-for-stm32.12.3.rel1.win32_1.0.200.202406191623/tools/bin/../lib/gcc/arm-none-eabi/12.3.1/../../../../arm-none-eabi/lib/thumb/v7e-m+fp/hard\libc_nano.a
LOAD C:/ST/STM32CubeIDE_1.16.0/STM32CubeIDE/plugins/com.st.stm32cube.ide.mcu.externaltools.gnu-tools-for-stm32.12.3.rel1.win32_1.0.200.202406191623/tools/bin/../lib/gcc/arm-none-eabi/12.3.1/../../../../arm-none-eabi/lib/thumb/v7e-m+fp/hard\libnosys.a
END GROUP
LOAD C:/ST/STM32CubeIDE_1.16.0/STM32CubeIDE/plugins/com.st.stm32cube.ide.mcu.externaltools.gnu-tools-for-stm32.12.3.rel1.win32_1.0.200.202406191623/tools/bin/../lib/gcc/arm-none-eabi/12.3.1/thumb/v7e-m+fp/hard/crtend.o
LOAD C:/ST/STM32CubeIDE_1.16.0/STM32CubeIDE/plugins/com.st.stm32cube.ide.mcu.externaltools.gnu-tools-for-stm32.12.3.rel1.win32_1.0.200.202406191623/tools/bin/../lib/gcc/arm-none-eabi/12.3.1/thumb/v7e-m+fp/hard/crtn.o
                0x20030000                        _estack = (ORIGIN (RAM) + LENGTH (RAM))
                0x00000200                        _Min_Heap_Size = 0x200
                0x00000400                        _Min_Stack_Size = 0x400

.isr_vector     0x08000000      0x1ac
                0x08000000                        . = ALIGN (0x4)
 *(.isr_vector)
 .isr_vector    0x08000000      0x1ac ./Core/Startup/startup_stm32f429zitx.o
                0x08000000                g_pfnVectors
                0x080001ac                        . = ALIGN (0x4)

.text           0x080001ac     0x5994
                0x080001ac                        . = ALIGN (0x4)
 *(.text)
 .text          0x080001ac       0x40 C:/ST/STM32CubeIDE_1.16.0/STM32CubeIDE/plugins/com.st.stm32cube.ide.mcu.externaltools.gnu-tools-for-stm32.12.3.rel1.win32_1.0.200.202406191623/tools/bin/../lib/gcc/arm-none-eabi/12.3.1/thumb/v7e-m+fp/hard/crtbegin.o
 .text          0x080001ec       0x30 C:/ST/STM32CubeIDE_1.16.0/STM32CubeIDE/plugins/com.st.stm32cube.ide.mcu.externaltools.gnu-tools-for-stm32.12.3.rel1.win32_1.0.200.202406191623/tools/bin/../lib/gcc/arm-none-eabi/12.3.1/thumb/v7e-m+fp/hard\libgcc.a(_aeabi_uldivmod.o)
                0x080001ec                __aeabi_uldivmod
 .text          0x0800021c      0x2bc C:/ST/STM32CubeIDE_1.16.0/STM32CubeIDE/plugins/com.st.stm32cube.ide.mcu.externaltools.gnu-tools-for-stm32.12.3.rel1.win32_1.0.200.202406191623/tools/bin/../lib/gcc/arm-none-eabi/12.3.1/thumb/v7e-m+fp/hard\libgcc.a(_udivmoddi4.o)
                0x0800021c                __udivmoddi4
 .text          0x080004d8        0x4 C:/ST/STM32CubeIDE_1.16.0/STM32CubeIDE/plugins/com.st.stm32cube.ide.mcu.externaltools.gnu-tools-for-stm32.12.3.rel1.win32_1.0.200.202406191623/tools/bin/../lib/gcc/arm-none-eabi/12.3.1/thumb/v7e-m+fp/hard\libgcc.a(_dvmd_tls.o)
                0x080004d8                __aeabi_idiv0
                0x080004d8                __aeabi_ldiv0
 *(.text*)
 .text.ApplicationInit
                0x080004dc       0x20 ./Core/Src/ApplicationCode.o
                0x080004dc                ApplicationInit
 .text.LCD_GPIO_Init
                0x080004fc      0x190 ./Core/Src/LCD_Driver.o
                0x080004fc                LCD_GPIO_Init
 .text.LTCD_Layer_Init
                0x0800068c       0x80 ./Core/Src/LCD_Driver.o
                0x0800068c                LTCD_Layer_Init
 .text.LTCD__Init
                0x0800070c       0xbc ./Core/Src/LCD_Driver.o
                0x0800070c                LTCD__Init
 .text.LCD_Draw_Pixel
                0x080007c8       0x3c ./Core/Src/LCD_Driver.o
                0x080007c8                LCD_Draw_Pixel
 .text.LCD_Draw_Circle_Fill
                0x08000804       0xa6 ./Core/Src/LCD_Driver.o
                0x08000804                LCD_Draw_Circle_Fill
 *fill*         0x080008aa        0x2 
 .text.LCD_Clear
                0x080008ac       0x44 ./Core/Src/LCD_Driver.o
                0x080008ac                LCD_Clear
 .text.LCD_Error_Handler
                0x080008f0        0xc ./Core/Src/LCD_Driver.o
                0x080008f0                LCD_Error_Handler
 .text.displayCurrentMove
                0x080008fc       0x5e ./Core/Src/diagnosticsScreen.o
                0x080008fc                displayCurrentMove
 .text.ili9341_Init
                0x0800095a      0x294 ./Core/Src/ili9341.o
                0x0800095a                ili9341_Init
 .text.ili9341_Write_Reg
                0x08000bee       0x1a ./Core/Src/ili9341.o
                0x08000bee                ili9341_Write_Reg
 .text.ili9341_Send_Data
                0x08000c08       0x1a ./Core/Src/ili9341.o
                0x08000c08                ili9341_Send_Data
 *fill*         0x08000c22        0x2 
 .text.SPI_Init
                0x08000c24       0x74 ./Core/Src/ili9341.o
 .text.SPI_Write
                0x08000c98       0x3c ./Core/Src/ili9341.o
 .text.SPI_Error
                0x08000cd4       0x18 ./Core/Src/ili9341.o
 .text.SPI_MspInit
                0x08000cec       0x74 ./Core/Src/ili9341.o
 .text.LCD_IO_Init
                0x08000d60       0xf0 ./Core/Src/ili9341.o
                0x08000d60                LCD_IO_Init
 .text.LCD_IO_WriteData
                0x08000e50       0x44 ./Core/Src/ili9341.o
                0x08000e50                LCD_IO_WriteData
 .text.LCD_IO_WriteReg
                0x08000e94       0x44 ./Core/Src/ili9341.o
                0x08000e94                LCD_IO_WriteReg
 .text.LCD_Delay
                0x08000ed8       0x16 ./Core/Src/ili9341.o
                0x08000ed8                LCD_Delay
 .text.joystick_getCoords
                0x08000eee       0x84 ./Core/Src/joystickDriver.o
                0x08000eee                joystick_getCoords
 *fill*         0x08000f72        0x2 
 .text.SystemClockOverride
                0x08000f74       0x80 ./Core/Src/main.o
                0x08000f74                SystemClockOverride
 .text.main     0x08000ff4       0xcc ./Core/Src/main.o
                0x08000ff4                main
 .text.MX_ADC1_Init
                0x080010c0       0xa4 ./Core/Src/main.o
 .text.MX_ADC2_Init
                0x08001164       0xa4 ./Core/Src/main.o
 .text.MX_I2C3_Init
                0x08001208       0x80 ./Core/Src/main.o
 .text.MX_LTDC_Init
                0x08001288      0x164 ./Core/Src/main.o
 .text.MX_RNG_Init
                0x080013ec       0x28 ./Core/Src/main.o
 .text.MX_SPI5_Init
                0x08001414       0x6c ./Core/Src/main.o
 .text.MX_TIM3_Init
                0x08001480      0x100 ./Core/Src/main.o
 .text.MX_GPIO_Init
                0x08001580      0x35c ./Core/Src/main.o
 .text.Error_Handler
                0x080018dc        0xc ./Core/Src/main.o
                0x080018dc                Error_Handler
 .text.mapp     0x080018e8       0x38 ./Core/Src/motorDriver.o
                0x080018e8                mapp
 .text.motor_CalculatePower
                0x08001920       0xd4 ./Core/Src/motorDriver.o
                0x08001920                motor_CalculatePower
 .text.motor_ApplyPower
                0x080019f4       0x2c ./Core/Src/motorDriver.o
                0x080019f4                motor_ApplyPower
 .text.HAL_MspInit
                0x08001a20       0x50 ./Core/Src/stm32f4xx_hal_msp.o
                0x08001a20                HAL_MspInit
 .text.HAL_ADC_MspInit
                0x08001a70       0xec ./Core/Src/stm32f4xx_hal_msp.o
                0x08001a70                HAL_ADC_MspInit
 .text.HAL_I2C_MspInit
                0x08001b5c       0xd4 ./Core/Src/stm32f4xx_hal_msp.o
                0x08001b5c                HAL_I2C_MspInit
 .text.HAL_LTDC_MspInit
                0x08001c30      0x250 ./Core/Src/stm32f4xx_hal_msp.o
                0x08001c30                HAL_LTDC_MspInit
 .text.HAL_RNG_MspInit
                0x08001e80       0x44 ./Core/Src/stm32f4xx_hal_msp.o
                0x08001e80                HAL_RNG_MspInit
 .text.HAL_SPI_MspInit
                0x08001ec4       0x90 ./Core/Src/stm32f4xx_hal_msp.o
                0x08001ec4                HAL_SPI_MspInit
 .text.HAL_SPI_MspDeInit
                0x08001f54       0x3c ./Core/Src/stm32f4xx_hal_msp.o
                0x08001f54                HAL_SPI_MspDeInit
 .text.HAL_TIM_Base_MspInit
                0x08001f90       0x44 ./Core/Src/stm32f4xx_hal_msp.o
                0x08001f90                HAL_TIM_Base_MspInit
 .text.HAL_TIM_MspPostInit
                0x08001fd4       0xb4 ./Core/Src/stm32f4xx_hal_msp.o
                0x08001fd4                HAL_TIM_MspPostInit
 .text.NMI_Handler
                0x08002088        0x8 ./Core/Src/stm32f4xx_it.o
                0x08002088                NMI_Handler
 .text.HardFault_Handler
                0x08002090        0x8 ./Core/Src/stm32f4xx_it.o
                0x08002090                HardFault_Handler
 .text.MemManage_Handler
                0x08002098        0x8 ./Core/Src/stm32f4xx_it.o
                0x08002098                MemManage_Handler
 .text.BusFault_Handler
                0x080020a0        0x8 ./Core/Src/stm32f4xx_it.o
                0x080020a0                BusFault_Handler
 .text.UsageFault_Handler
                0x080020a8        0x8 ./Core/Src/stm32f4xx_it.o
                0x080020a8                UsageFault_Handler
 .text.SVC_Handler
                0x080020b0        0xe ./Core/Src/stm32f4xx_it.o
                0x080020b0                SVC_Handler
 .text.DebugMon_Handler
                0x080020be        0xe ./Core/Src/stm32f4xx_it.o
                0x080020be                DebugMon_Handler
 .text.PendSV_Handler
                0x080020cc        0xe ./Core/Src/stm32f4xx_it.o
                0x080020cc                PendSV_Handler
 .text.SysTick_Handler
                0x080020da        0xc ./Core/Src/stm32f4xx_it.o
                0x080020da                SysTick_Handler
 .text.initialise_monitor_handles
                0x080020e6        0xe ./Core/Src/syscalls.o
                0x080020e6                initialise_monitor_handles
 .text.SystemInit
                0x080020f4       0x24 ./Core/Src/system_stm32f4xx.o
                0x080020f4                SystemInit
 .text.Reset_Handler
                0x08002118       0x50 ./Core/Startup/startup_stm32f429zitx.o
                0x08002118                Reset_Handler
 .text.Default_Handler
                0x08002168        0x2 ./Core/Startup/startup_stm32f429zitx.o
                0x08002168                RTC_Alarm_IRQHandler
                0x08002168                HASH_RNG_IRQHandler
                0x08002168                EXTI2_IRQHandler
                0x08002168                TIM8_CC_IRQHandler
                0x08002168                UART8_IRQHandler
                0x08002168                SPI4_IRQHandler
                0x08002168                TIM1_CC_IRQHandler
                0x08002168                DMA2_Stream5_IRQHandler
                0x08002168                DMA1_Stream5_IRQHandler
                0x08002168                PVD_IRQHandler
                0x08002168                SDIO_IRQHandler
                0x08002168                TAMP_STAMP_IRQHandler
                0x08002168                CAN2_RX1_IRQHandler
                0x08002168                EXTI3_IRQHandler
                0x08002168                TIM8_TRG_COM_TIM14_IRQHandler
                0x08002168                TIM1_UP_TIM10_IRQHandler
                0x08002168                TIM8_UP_TIM13_IRQHandler
                0x08002168                I2C3_ER_IRQHandler
                0x08002168                EXTI0_IRQHandler
                0x08002168                I2C2_EV_IRQHandler
                0x08002168                DMA1_Stream2_IRQHandler
                0x08002168                CAN1_RX0_IRQHandler
                0x08002168                FPU_IRQHandler
                0x08002168                OTG_HS_WKUP_IRQHandler
                0x08002168                LTDC_ER_IRQHandler
                0x08002168                CAN2_SCE_IRQHandler
                0x08002168                DMA2_Stream2_IRQHandler
                0x08002168                SPI1_IRQHandler
                0x08002168                TIM6_DAC_IRQHandler
                0x08002168                TIM1_BRK_TIM9_IRQHandler
                0x08002168                DCMI_IRQHandler
                0x08002168                CAN2_RX0_IRQHandler
                0x08002168                DMA2_Stream3_IRQHandler
                0x08002168                USART6_IRQHandler
                0x08002168                USART3_IRQHandler
                0x08002168                CAN1_RX1_IRQHandler
                0x08002168                UART5_IRQHandler
                0x08002168                DMA2_Stream0_IRQHandler
                0x08002168                TIM4_IRQHandler
                0x08002168                I2C1_EV_IRQHandler
                0x08002168                DMA1_Stream6_IRQHandler
                0x08002168                DMA1_Stream1_IRQHandler
                0x08002168                UART4_IRQHandler
                0x08002168                TIM3_IRQHandler
                0x08002168                RCC_IRQHandler
                0x08002168                TIM8_BRK_TIM12_IRQHandler
                0x08002168                Default_Handler
                0x08002168                EXTI15_10_IRQHandler
                0x08002168                ADC_IRQHandler
                0x08002168                DMA1_Stream7_IRQHandler
                0x08002168                SPI5_IRQHandler
                0x08002168                TIM7_IRQHandler
                0x08002168                CAN2_TX_IRQHandler
                0x08002168                TIM5_IRQHandler
                0x08002168                DMA2_Stream7_IRQHandler
                0x08002168                I2C3_EV_IRQHandler
                0x08002168                EXTI9_5_IRQHandler
                0x08002168                RTC_WKUP_IRQHandler
                0x08002168                LTDC_IRQHandler
                0x08002168                ETH_WKUP_IRQHandler
                0x08002168                SPI2_IRQHandler
                0x08002168                OTG_HS_EP1_IN_IRQHandler
                0x08002168                DMA1_Stream0_IRQHandler
                0x08002168                CAN1_TX_IRQHandler
                0x08002168                EXTI4_IRQHandler
                0x08002168                ETH_IRQHandler
                0x08002168                OTG_HS_EP1_OUT_IRQHandler
                0x08002168                WWDG_IRQHandler
                0x08002168                SPI6_IRQHandler
                0x08002168                TIM2_IRQHandler
                0x08002168                OTG_FS_WKUP_IRQHandler
                0x08002168                TIM1_TRG_COM_TIM11_IRQHandler
                0x08002168                OTG_HS_IRQHandler
                0x08002168                DMA2D_IRQHandler
                0x08002168                EXTI1_IRQHandler
                0x08002168                UART7_IRQHandler
                0x08002168                USART2_IRQHandler
                0x08002168                I2C2_ER_IRQHandler
                0x08002168                DMA2_Stream1_IRQHandler
                0x08002168                CAN1_SCE_IRQHandler
                0x08002168                FLASH_IRQHandler
                0x08002168                DMA2_Stream4_IRQHandler
                0x08002168                USART1_IRQHandler
                0x08002168                OTG_FS_IRQHandler
                0x08002168                SPI3_IRQHandler
                0x08002168                DMA1_Stream4_IRQHandler
                0x08002168                I2C1_ER_IRQHandler
                0x08002168                FMC_IRQHandler
                0x08002168                DMA2_Stream6_IRQHandler
                0x08002168                SAI1_IRQHandler
                0x08002168                DMA1_Stream3_IRQHandler
 *fill*         0x0800216a        0x2 
 .text.HAL_Init
                0x0800216c       0x44 ./Drivers/STM32F4xx_HAL_Driver/Src/stm32f4xx_hal.o
                0x0800216c                HAL_Init
 .text.HAL_InitTick
                0x080021b0       0x60 ./Drivers/STM32F4xx_HAL_Driver/Src/stm32f4xx_hal.o
                0x080021b0                HAL_InitTick
 .text.HAL_IncTick
                0x08002210       0x28 ./Drivers/STM32F4xx_HAL_Driver/Src/stm32f4xx_hal.o
                0x08002210                HAL_IncTick
 .text.HAL_GetTick
                0x08002238       0x18 ./Drivers/STM32F4xx_HAL_Driver/Src/stm32f4xx_hal.o
                0x08002238                HAL_GetTick
 .text.HAL_Delay
                0x08002250       0x48 ./Drivers/STM32F4xx_HAL_Driver/Src/stm32f4xx_hal.o
                0x08002250                HAL_Delay
 .text.HAL_ADC_Init
                0x08002298       0x86 ./Drivers/STM32F4xx_HAL_Driver/Src/stm32f4xx_hal_adc.o
                0x08002298                HAL_ADC_Init
 *fill*         0x0800231e        0x2 
 .text.HAL_ADC_Start
                0x08002320      0x1a4 ./Drivers/STM32F4xx_HAL_Driver/Src/stm32f4xx_hal_adc.o
                0x08002320                HAL_ADC_Start
 .text.HAL_ADC_Stop
                0x080024c4       0x66 ./Drivers/STM32F4xx_HAL_Driver/Src/stm32f4xx_hal_adc.o
                0x080024c4                HAL_ADC_Stop
 .text.HAL_ADC_PollForConversion
                0x0800252a      0x116 ./Drivers/STM32F4xx_HAL_Driver/Src/stm32f4xx_hal_adc.o
                0x0800252a                HAL_ADC_PollForConversion
 .text.HAL_ADC_GetValue
                0x08002640       0x1a ./Drivers/STM32F4xx_HAL_Driver/Src/stm32f4xx_hal_adc.o
                0x08002640                HAL_ADC_GetValue
 *fill*         0x0800265a        0x2 
 .text.HAL_ADC_ConfigChannel
                0x0800265c      0x264 ./Drivers/STM32F4xx_HAL_Driver/Src/stm32f4xx_hal_adc.o
                0x0800265c                HAL_ADC_ConfigChannel
 .text.ADC_Init
                0x080028c0      0x1f8 ./Drivers/STM32F4xx_HAL_Driver/Src/stm32f4xx_hal_adc.o
 .text.__NVIC_SetPriorityGrouping
                0x08002ab8       0x48 ./Drivers/STM32F4xx_HAL_Driver/Src/stm32f4xx_hal_cortex.o
 .text.__NVIC_GetPriorityGrouping
                0x08002b00       0x1c ./Drivers/STM32F4xx_HAL_Driver/Src/stm32f4xx_hal_cortex.o
 .text.__NVIC_SetPriority
                0x08002b1c       0x54 ./Drivers/STM32F4xx_HAL_Driver/Src/stm32f4xx_hal_cortex.o
 .text.NVIC_EncodePriority
                0x08002b70       0x66 ./Drivers/STM32F4xx_HAL_Driver/Src/stm32f4xx_hal_cortex.o
 *fill*         0x08002bd6        0x2 
 .text.SysTick_Config
                0x08002bd8       0x44 ./Drivers/STM32F4xx_HAL_Driver/Src/stm32f4xx_hal_cortex.o
 .text.HAL_NVIC_SetPriorityGrouping
                0x08002c1c       0x16 ./Drivers/STM32F4xx_HAL_Driver/Src/stm32f4xx_hal_cortex.o
                0x08002c1c                HAL_NVIC_SetPriorityGrouping
 .text.HAL_NVIC_SetPriority
                0x08002c32       0x38 ./Drivers/STM32F4xx_HAL_Driver/Src/stm32f4xx_hal_cortex.o
                0x08002c32                HAL_NVIC_SetPriority
 .text.HAL_SYSTICK_Config
                0x08002c6a       0x18 ./Drivers/STM32F4xx_HAL_Driver/Src/stm32f4xx_hal_cortex.o
                0x08002c6a                HAL_SYSTICK_Config
 *fill*         0x08002c82        0x2 
 .text.HAL_GPIO_Init
                0x08002c84      0x358 ./Drivers/STM32F4xx_HAL_Driver/Src/stm32f4xx_hal_gpio.o
                0x08002c84                HAL_GPIO_Init
 .text.HAL_GPIO_DeInit
                0x08002fdc      0x218 ./Drivers/STM32F4xx_HAL_Driver/Src/stm32f4xx_hal_gpio.o
                0x08002fdc                HAL_GPIO_DeInit
 .text.HAL_GPIO_WritePin
                0x080031f4       0x32 ./Drivers/STM32F4xx_HAL_Driver/Src/stm32f4xx_hal_gpio.o
                0x080031f4                HAL_GPIO_WritePin
 *fill*         0x08003226        0x2 
 .text.HAL_I2C_Init
                0x08003228      0x288 ./Drivers/STM32F4xx_HAL_Driver/Src/stm32f4xx_hal_i2c.o
                0x08003228                HAL_I2C_Init
 .text.HAL_I2CEx_ConfigAnalogFilter
                0x080034b0       0x78 ./Drivers/STM32F4xx_HAL_Driver/Src/stm32f4xx_hal_i2c_ex.o
                0x080034b0                HAL_I2CEx_ConfigAnalogFilter
 .text.HAL_I2CEx_ConfigDigitalFilter
                0x08003528       0x7e ./Drivers/STM32F4xx_HAL_Driver/Src/stm32f4xx_hal_i2c_ex.o
                0x08003528                HAL_I2CEx_ConfigDigitalFilter
 *fill*         0x080035a6        0x2 
 .text.HAL_LTDC_Init
                0x080035a8      0x1a0 ./Drivers/STM32F4xx_HAL_Driver/Src/stm32f4xx_hal_ltdc.o
                0x080035a8                HAL_LTDC_Init
 .text.HAL_LTDC_ConfigLayer
                0x08003748       0x7c ./Drivers/STM32F4xx_HAL_Driver/Src/stm32f4xx_hal_ltdc.o
                0x08003748                HAL_LTDC_ConfigLayer
 .text.LTDC_SetConfig
                0x080037c4      0x32e ./Drivers/STM32F4xx_HAL_Driver/Src/stm32f4xx_hal_ltdc.o
 *fill*         0x08003af2        0x2 
 .text.HAL_RCC_OscConfig
                0x08003af4      0x4f0 ./Drivers/STM32F4xx_HAL_Driver/Src/stm32f4xx_hal_rcc.o
                0x08003af4                HAL_RCC_OscConfig
 .text.HAL_RCC_ClockConfig
                0x08003fe4      0x1cc ./Drivers/STM32F4xx_HAL_Driver/Src/stm32f4xx_hal_rcc.o
                0x08003fe4                HAL_RCC_ClockConfig
 .text.HAL_RCC_GetSysClockFreq
                0x080041b0      0x20c ./Drivers/STM32F4xx_HAL_Driver/Src/stm32f4xx_hal_rcc.o
                0x080041b0                HAL_RCC_GetSysClockFreq
 .text.HAL_RCC_GetHCLKFreq
                0x080043bc       0x18 ./Drivers/STM32F4xx_HAL_Driver/Src/stm32f4xx_hal_rcc.o
                0x080043bc                HAL_RCC_GetHCLKFreq
 .text.HAL_RCC_GetPCLK1Freq
                0x080043d4       0x28 ./Drivers/STM32F4xx_HAL_Driver/Src/stm32f4xx_hal_rcc.o
                0x080043d4                HAL_RCC_GetPCLK1Freq
 .text.HAL_RCCEx_PeriphCLKConfig
                0x080043fc      0x380 ./Drivers/STM32F4xx_HAL_Driver/Src/stm32f4xx_hal_rcc_ex.o
                0x080043fc                HAL_RCCEx_PeriphCLKConfig
 .text.HAL_RNG_Init
                0x0800477c       0x54 ./Drivers/STM32F4xx_HAL_Driver/Src/stm32f4xx_hal_rng.o
                0x0800477c                HAL_RNG_Init
 .text.HAL_SPI_Init
                0x080047d0      0x112 ./Drivers/STM32F4xx_HAL_Driver/Src/stm32f4xx_hal_spi.o
                0x080047d0                HAL_SPI_Init
 .text.HAL_SPI_DeInit
                0x080048e2       0x50 ./Drivers/STM32F4xx_HAL_Driver/Src/stm32f4xx_hal_spi.o
                0x080048e2                HAL_SPI_DeInit
 .text.HAL_SPI_Transmit
                0x08004932      0x288 ./Drivers/STM32F4xx_HAL_Driver/Src/stm32f4xx_hal_spi.o
                0x08004932                HAL_SPI_Transmit
 .text.HAL_SPI_GetState
                0x08004bba       0x1c ./Drivers/STM32F4xx_HAL_Driver/Src/stm32f4xx_hal_spi.o
                0x08004bba                HAL_SPI_GetState
 *fill*         0x08004bd6        0x2 
 .text.SPI_WaitFlagStateUntilTimeout
                0x08004bd8      0x110 ./Drivers/STM32F4xx_HAL_Driver/Src/stm32f4xx_hal_spi.o
 .text.SPI_EndRxTxTransaction
                0x08004ce8       0xa8 ./Drivers/STM32F4xx_HAL_Driver/Src/stm32f4xx_hal_spi.o
 .text.HAL_TIM_Base_Init
                0x08004d90       0x9e ./Drivers/STM32F4xx_HAL_Driver/Src/stm32f4xx_hal_tim.o
                0x08004d90                HAL_TIM_Base_Init
 .text.HAL_TIM_PWM_Init
                0x08004e2e       0x9e ./Drivers/STM32F4xx_HAL_Driver/Src/stm32f4xx_hal_tim.o
                0x08004e2e                HAL_TIM_PWM_Init
 .text.HAL_TIM_PWM_MspInit
                0x08004ecc       0x14 ./Drivers/STM32F4xx_HAL_Driver/Src/stm32f4xx_hal_tim.o
                0x08004ecc                HAL_TIM_PWM_MspInit
 .text.HAL_TIM_PWM_Start
                0x08004ee0      0x190 ./Drivers/STM32F4xx_HAL_Driver/Src/stm32f4xx_hal_tim.o
                0x08004ee0                HAL_TIM_PWM_Start
 .text.HAL_TIM_PWM_ConfigChannel
                0x08005070      0x184 ./Drivers/STM32F4xx_HAL_Driver/Src/stm32f4xx_hal_tim.o
                0x08005070                HAL_TIM_PWM_ConfigChannel
 .text.HAL_TIM_ConfigClockSource
                0x080051f4      0x18e ./Drivers/STM32F4xx_HAL_Driver/Src/stm32f4xx_hal_tim.o
                0x080051f4                HAL_TIM_ConfigClockSource
 *fill*         0x08005382        0x2 
 .text.TIM_Base_SetConfig
                0x08005384      0x158 ./Drivers/STM32F4xx_HAL_Driver/Src/stm32f4xx_hal_tim.o
                0x08005384                TIM_Base_SetConfig
 .text.TIM_OC1_SetConfig
                0x080054dc       0xe0 ./Drivers/STM32F4xx_HAL_Driver/Src/stm32f4xx_hal_tim.o
 .text.TIM_OC2_SetConfig
                0x080055bc       0xec ./Drivers/STM32F4xx_HAL_Driver/Src/stm32f4xx_hal_tim.o
                0x080055bc                TIM_OC2_SetConfig
 .text.TIM_OC3_SetConfig
                0x080056a8       0xe8 ./Drivers/STM32F4xx_HAL_Driver/Src/stm32f4xx_hal_tim.o
 .text.TIM_OC4_SetConfig
                0x08005790       0xac ./Drivers/STM32F4xx_HAL_Driver/Src/stm32f4xx_hal_tim.o
 .text.TIM_TI1_ConfigInputStage
                0x0800583c       0x5e ./Drivers/STM32F4xx_HAL_Driver/Src/stm32f4xx_hal_tim.o
 .text.TIM_TI2_ConfigInputStage
                0x0800589a       0x60 ./Drivers/STM32F4xx_HAL_Driver/Src/stm32f4xx_hal_tim.o
 .text.TIM_ITRx_SetConfig
                0x080058fa       0x36 ./Drivers/STM32F4xx_HAL_Driver/Src/stm32f4xx_hal_tim.o
 .text.TIM_ETR_SetConfig
                0x08005930       0x40 ./Drivers/STM32F4xx_HAL_Driver/Src/stm32f4xx_hal_tim.o
                0x08005930                TIM_ETR_SetConfig
 .text.TIM_CCxChannelCmd
                0x08005970       0x4a ./Drivers/STM32F4xx_HAL_Driver/Src/stm32f4xx_hal_tim.o
                0x08005970                TIM_CCxChannelCmd
 *fill*         0x080059ba        0x2 
 .text.HAL_TIMEx_MasterConfigSynchronization
                0x080059bc       0xf8 ./Drivers/STM32F4xx_HAL_Driver/Src/stm32f4xx_hal_tim_ex.o
                0x080059bc                HAL_TIMEx_MasterConfigSynchronization
 .text.memset   0x08005ab4       0x10 C:/ST/STM32CubeIDE_1.16.0/STM32CubeIDE/plugins/com.st.stm32cube.ide.mcu.externaltools.gnu-tools-for-stm32.12.3.rel1.win32_1.0.200.202406191623/tools/bin/../lib/gcc/arm-none-eabi/12.3.1/../../../../arm-none-eabi/lib/thumb/v7e-m+fp/hard\libc_nano.a(libc_a-memset.o)
                0x08005ab4                memset
 .text.__libc_init_array
                0x08005ac4       0x48 C:/ST/STM32CubeIDE_1.16.0/STM32CubeIDE/plugins/com.st.stm32cube.ide.mcu.externaltools.gnu-tools-for-stm32.12.3.rel1.win32_1.0.200.202406191623/tools/bin/../lib/gcc/arm-none-eabi/12.3.1/../../../../arm-none-eabi/lib/thumb/v7e-m+fp/hard\libc_nano.a(libc_a-init.o)
                0x08005ac4                __libc_init_array
 .text.memcpy   0x08005b0c       0x1c C:/ST/STM32CubeIDE_1.16.0/STM32CubeIDE/plugins/com.st.stm32cube.ide.mcu.externaltools.gnu-tools-for-stm32.12.3.rel1.win32_1.0.200.202406191623/tools/bin/../lib/gcc/arm-none-eabi/12.3.1/../../../../arm-none-eabi/lib/thumb/v7e-m+fp/hard\libc_nano.a(libc_a-memcpy-stub.o)
                0x08005b0c                memcpy
 *(.glue_7)
 .glue_7        0x08005b28        0x0 linker stubs
 *(.glue_7t)
 .glue_7t       0x08005b28        0x0 linker stubs
 *(.eh_frame)
 .eh_frame      0x08005b28        0x0 C:/ST/STM32CubeIDE_1.16.0/STM32CubeIDE/plugins/com.st.stm32cube.ide.mcu.externaltools.gnu-tools-for-stm32.12.3.rel1.win32_1.0.200.202406191623/tools/bin/../lib/gcc/arm-none-eabi/12.3.1/thumb/v7e-m+fp/hard/crtbegin.o
 *(.init)
 .init          0x08005b28        0x4 C:/ST/STM32CubeIDE_1.16.0/STM32CubeIDE/plugins/com.st.stm32cube.ide.mcu.externaltools.gnu-tools-for-stm32.12.3.rel1.win32_1.0.200.202406191623/tools/bin/../lib/gcc/arm-none-eabi/12.3.1/thumb/v7e-m+fp/hard/crti.o
                0x08005b28                _init
 .init          0x08005b2c        0x8 C:/ST/STM32CubeIDE_1.16.0/STM32CubeIDE/plugins/com.st.stm32cube.ide.mcu.externaltools.gnu-tools-for-stm32.12.3.rel1.win32_1.0.200.202406191623/tools/bin/../lib/gcc/arm-none-eabi/12.3.1/thumb/v7e-m+fp/hard/crtn.o
 *(.fini)
 .fini          0x08005b34        0x4 C:/ST/STM32CubeIDE_1.16.0/STM32CubeIDE/plugins/com.st.stm32cube.ide.mcu.externaltools.gnu-tools-for-stm32.12.3.rel1.win32_1.0.200.202406191623/tools/bin/../lib/gcc/arm-none-eabi/12.3.1/thumb/v7e-m+fp/hard/crti.o
                0x08005b34                _fini
 .fini          0x08005b38        0x8 C:/ST/STM32CubeIDE_1.16.0/STM32CubeIDE/plugins/com.st.stm32cube.ide.mcu.externaltools.gnu-tools-for-stm32.12.3.rel1.win32_1.0.200.202406191623/tools/bin/../lib/gcc/arm-none-eabi/12.3.1/thumb/v7e-m+fp/hard/crtn.o
                0x08005b40                        . = ALIGN (0x4)
                0x08005b40                        _etext = .

.vfp11_veneer   0x08005b40        0x0
 .vfp11_veneer  0x08005b40        0x0 linker stubs

.v4_bx          0x08005b40        0x0
 .v4_bx         0x08005b40        0x0 linker stubs

.iplt           0x08005b40        0x0
 .iplt          0x08005b40        0x0 C:/ST/STM32CubeIDE_1.16.0/STM32CubeIDE/plugins/com.st.stm32cube.ide.mcu.externaltools.gnu-tools-for-stm32.12.3.rel1.win32_1.0.200.202406191623/tools/bin/../lib/gcc/arm-none-eabi/12.3.1/thumb/v7e-m+fp/hard/crtbegin.o

.rodata         0x08005b40       0x18
                0x08005b40                        . = ALIGN (0x4)
 *(.rodata)
 *(.rodata*)
 .rodata.AHBPrescTable
                0x08005b40       0x10 ./Core/Src/system_stm32f4xx.o
                0x08005b40                AHBPrescTable
 .rodata.APBPrescTable
                0x08005b50        0x8 ./Core/Src/system_stm32f4xx.o
                0x08005b50                APBPrescTable
                0x08005b58                        . = ALIGN (0x4)

.ARM.extab      0x08005b58        0x0
                0x08005b58                        . = ALIGN (0x4)
 *(.ARM.extab* .gnu.linkonce.armextab.*)
                0x08005b58                        . = ALIGN (0x4)

.ARM            0x08005b58        0x8
                0x08005b58                        . = ALIGN (0x4)
                0x08005b58                        __exidx_start = .
 *(.ARM.exidx*)
 .ARM.exidx     0x08005b58        0x8 C:/ST/STM32CubeIDE_1.16.0/STM32CubeIDE/plugins/com.st.stm32cube.ide.mcu.externaltools.gnu-tools-for-stm32.12.3.rel1.win32_1.0.200.202406191623/tools/bin/../lib/gcc/arm-none-eabi/12.3.1/thumb/v7e-m+fp/hard\libgcc.a(_udivmoddi4.o)
                0x08005b60                        __exidx_end = .
                0x08005b60                        . = ALIGN (0x4)

.preinit_array  0x08005b60        0x0
                0x08005b60                        . = ALIGN (0x4)
                0x08005b60                        PROVIDE (__preinit_array_start = .)
 *(.preinit_array*)
                0x08005b60                        PROVIDE (__preinit_array_end = .)
                0x08005b60                        . = ALIGN (0x4)

.init_array     0x08005b60        0x4
                0x08005b60                        . = ALIGN (0x4)
                0x08005b60                        PROVIDE (__init_array_start = .)
 *(SORT_BY_NAME(.init_array.*))
 *(.init_array*)
 .init_array    0x08005b60        0x4 C:/ST/STM32CubeIDE_1.16.0/STM32CubeIDE/plugins/com.st.stm32cube.ide.mcu.externaltools.gnu-tools-for-stm32.12.3.rel1.win32_1.0.200.202406191623/tools/bin/../lib/gcc/arm-none-eabi/12.3.1/thumb/v7e-m+fp/hard/crtbegin.o
                0x08005b64                        PROVIDE (__init_array_end = .)
                0x08005b64                        . = ALIGN (0x4)

.fini_array     0x08005b64        0x4
                0x08005b64                        . = ALIGN (0x4)
                [!provide]                        PROVIDE (__fini_array_start = .)
 *(SORT_BY_NAME(.fini_array.*))
 *(.fini_array*)
 .fini_array    0x08005b64        0x4 C:/ST/STM32CubeIDE_1.16.0/STM32CubeIDE/plugins/com.st.stm32cube.ide.mcu.externaltools.gnu-tools-for-stm32.12.3.rel1.win32_1.0.200.202406191623/tools/bin/../lib/gcc/arm-none-eabi/12.3.1/thumb/v7e-m+fp/hard/crtbegin.o
                [!provide]                        PROVIDE (__fini_array_end = .)
                0x08005b68                        . = ALIGN (0x4)
                0x08005b68                        _sidata = LOADADDR (.data)

.rel.dyn        0x08005b68        0x0
 .rel.iplt      0x08005b68        0x0 C:/ST/STM32CubeIDE_1.16.0/STM32CubeIDE/plugins/com.st.stm32cube.ide.mcu.externaltools.gnu-tools-for-stm32.12.3.rel1.win32_1.0.200.202406191623/tools/bin/../lib/gcc/arm-none-eabi/12.3.1/thumb/v7e-m+fp/hard/crtbegin.o

.data           0x20000000       0x10 load address 0x08005b68
                0x20000000                        . = ALIGN (0x4)
                0x20000000                        _sdata = .
 *(.data)
 *(.data*)
 .data.SpiTimeout
                0x20000000        0x4 ./Core/Src/ili9341.o
                0x20000000                SpiTimeout
 .data.SystemCoreClock
                0x20000004        0x4 ./Core/Src/system_stm32f4xx.o
                0x20000004                SystemCoreClock
 .data.uwTickPrio
                0x20000008        0x4 ./Drivers/STM32F4xx_HAL_Driver/Src/stm32f4xx_hal.o
                0x20000008                uwTickPrio
 .data.uwTickFreq
                0x2000000c        0x1 ./Drivers/STM32F4xx_HAL_Driver/Src/stm32f4xx_hal.o
                0x2000000c                uwTickFreq
 *(.RamFunc)
 *(.RamFunc*)
                0x20000010                        . = ALIGN (0x4)
 *fill*         0x2000000d        0x3 
                0x20000010                        _edata = .
                0x08005b78                        _siccmram = LOADADDR (.ccmram)

.igot.plt       0x20000010        0x0 load address 0x08005b78
 .igot.plt      0x20000010        0x0 C:/ST/STM32CubeIDE_1.16.0/STM32CubeIDE/plugins/com.st.stm32cube.ide.mcu.externaltools.gnu-tools-for-stm32.12.3.rel1.win32_1.0.200.202406191623/tools/bin/../lib/gcc/arm-none-eabi/12.3.1/thumb/v7e-m+fp/hard/crtbegin.o

.ccmram         0x10000000        0x0 load address 0x08005b78
                0x10000000                        . = ALIGN (0x4)
                0x10000000                        _sccmram = .
 *(.ccmram)
 *(.ccmram*)
                0x10000000                        . = ALIGN (0x4)
                0x10000000                        _eccmram = .
                0x10000000                        . = ALIGN (0x4)

.bss            0x20000010    0x25b90
                0x20000010                        _sbss = .
                0x20000010                        __bss_start__ = _sbss
 *(.bss)
 .bss           0x20000010       0x1c C:/ST/STM32CubeIDE_1.16.0/STM32CubeIDE/plugins/com.st.stm32cube.ide.mcu.externaltools.gnu-tools-for-stm32.12.3.rel1.win32_1.0.200.202406191623/tools/bin/../lib/gcc/arm-none-eabi/12.3.1/thumb/v7e-m+fp/hard/crtbegin.o
 *(.bss*)
 .bss.hltdc     0x2000002c       0xa8 ./Core/Src/LCD_Driver.o
 .bss.PeriphClkInitStruct
                0x200000d4       0x30 ./Core/Src/LCD_Driver.o
 .bss.frameBuffer
                0x20000104    0x25800 ./Core/Src/LCD_Driver.o
                0x20000104                frameBuffer
 .bss.SpiHandle
                0x20025904       0x58 ./Core/Src/ili9341.o
 .bss.Is_LCD_IO_Initialized
                0x2002595c        0x1 ./Core/Src/ili9341.o
 *fill*         0x2002595d        0x3 
 .bss.hadc1     0x20025960       0x48 ./Core/Src/main.o
                0x20025960                hadc1
 .bss.hadc2     0x200259a8       0x48 ./Core/Src/main.o
                0x200259a8                hadc2
 .bss.hi2c3     0x200259f0       0x54 ./Core/Src/main.o
                0x200259f0                hi2c3
 .bss.hltdc     0x20025a44       0xa8 ./Core/Src/main.o
                0x20025a44                hltdc
 .bss.hrng      0x20025aec       0x10 ./Core/Src/main.o
                0x20025aec                hrng
 .bss.hspi5     0x20025afc       0x58 ./Core/Src/main.o
                0x20025afc                hspi5
 .bss.htim3     0x20025b54       0x48 ./Core/Src/main.o
                0x20025b54                htim3
 .bss.uwTick    0x20025b9c        0x4 ./Drivers/STM32F4xx_HAL_Driver/Src/stm32f4xx_hal.o
                0x20025b9c                uwTick
 *(COMMON)
                0x20025ba0                        . = ALIGN (0x4)
                0x20025ba0                        _ebss = .
                0x20025ba0                        __bss_end__ = _ebss

._user_heap_stack
                0x20025ba0      0x600
                0x20025ba0                        . = ALIGN (0x8)
                [!provide]                        PROVIDE (end = .)
                0x20025ba0                        PROVIDE (_end = .)
                0x20025da0                        . = (. + _Min_Heap_Size)
 *fill*         0x20025ba0      0x200 
                0x200261a0                        . = (. + _Min_Stack_Size)
 *fill*         0x20025da0      0x400 
                0x200261a0                        . = ALIGN (0x8)

/DISCARD/
 libc.a(*)
 libm.a(*)
 libgcc.a(*)

.ARM.attributes
                0x00000000       0x30
 *(.ARM.attributes)
 .ARM.attributes
                0x00000000       0x22 C:/ST/STM32CubeIDE_1.16.0/STM32CubeIDE/plugins/com.st.stm32cube.ide.mcu.externaltools.gnu-tools-for-stm32.12.3.rel1.win32_1.0.200.202406191623/tools/bin/../lib/gcc/arm-none-eabi/12.3.1/thumb/v7e-m+fp/hard/crti.o
 .ARM.attributes
                0x00000022       0x34 C:/ST/STM32CubeIDE_1.16.0/STM32CubeIDE/plugins/com.st.stm32cube.ide.mcu.externaltools.gnu-tools-for-stm32.12.3.rel1.win32_1.0.200.202406191623/tools/bin/../lib/gcc/arm-none-eabi/12.3.1/thumb/v7e-m+fp/hard/crtbegin.o
 .ARM.attributes
                0x00000056       0x34 ./Core/Src/ApplicationCode.o
 .ARM.attributes
                0x0000008a       0x34 ./Core/Src/LCD_Driver.o
 .ARM.attributes
                0x000000be       0x34 ./Core/Src/diagnosticsScreen.o
 .ARM.attributes
                0x000000f2       0x34 ./Core/Src/ili9341.o
 .ARM.attributes
                0x00000126       0x34 ./Core/Src/joystickDriver.o
 .ARM.attributes
                0x0000015a       0x34 ./Core/Src/main.o
 .ARM.attributes
                0x0000018e       0x34 ./Core/Src/motorDriver.o
 .ARM.attributes
                0x000001c2       0x34 ./Core/Src/stm32f4xx_hal_msp.o
 .ARM.attributes
                0x000001f6       0x34 ./Core/Src/stm32f4xx_it.o
 .ARM.attributes
                0x0000022a       0x34 ./Core/Src/syscalls.o
 .ARM.attributes
                0x0000025e       0x34 ./Core/Src/system_stm32f4xx.o
 .ARM.attributes
                0x00000292       0x21 ./Core/Startup/startup_stm32f429zitx.o
 .ARM.attributes
                0x000002b3       0x34 ./Drivers/STM32F4xx_HAL_Driver/Src/stm32f4xx_hal.o
 .ARM.attributes
                0x000002e7       0x34 ./Drivers/STM32F4xx_HAL_Driver/Src/stm32f4xx_hal_adc.o
 .ARM.attributes
                0x0000031b       0x34 ./Drivers/STM32F4xx_HAL_Driver/Src/stm32f4xx_hal_cortex.o
 .ARM.attributes
                0x0000034f       0x34 ./Drivers/STM32F4xx_HAL_Driver/Src/stm32f4xx_hal_gpio.o
 .ARM.attributes
                0x00000383       0x34 ./Drivers/STM32F4xx_HAL_Driver/Src/stm32f4xx_hal_i2c.o
 .ARM.attributes
                0x000003b7       0x34 ./Drivers/STM32F4xx_HAL_Driver/Src/stm32f4xx_hal_i2c_ex.o
 .ARM.attributes
                0x000003eb       0x34 ./Drivers/STM32F4xx_HAL_Driver/Src/stm32f4xx_hal_ltdc.o
 .ARM.attributes
                0x0000041f       0x34 ./Drivers/STM32F4xx_HAL_Driver/Src/stm32f4xx_hal_rcc.o
 .ARM.attributes
                0x00000453       0x34 ./Drivers/STM32F4xx_HAL_Driver/Src/stm32f4xx_hal_rcc_ex.o
 .ARM.attributes
                0x00000487       0x34 ./Drivers/STM32F4xx_HAL_Driver/Src/stm32f4xx_hal_rng.o
 .ARM.attributes
                0x000004bb       0x34 ./Drivers/STM32F4xx_HAL_Driver/Src/stm32f4xx_hal_spi.o
 .ARM.attributes
                0x000004ef       0x34 ./Drivers/STM32F4xx_HAL_Driver/Src/stm32f4xx_hal_tim.o
 .ARM.attributes
                0x00000523       0x34 ./Drivers/STM32F4xx_HAL_Driver/Src/stm32f4xx_hal_tim_ex.o
 .ARM.attributes
                0x00000557       0x34 C:/ST/STM32CubeIDE_1.16.0/STM32CubeIDE/plugins/com.st.stm32cube.ide.mcu.externaltools.gnu-tools-for-stm32.12.3.rel1.win32_1.0.200.202406191623/tools/bin/../lib/gcc/arm-none-eabi/12.3.1/../../../../arm-none-eabi/lib/thumb/v7e-m+fp/hard\libc_nano.a(libc_a-memset.o)
 .ARM.attributes
                0x0000058b       0x34 C:/ST/STM32CubeIDE_1.16.0/STM32CubeIDE/plugins/com.st.stm32cube.ide.mcu.externaltools.gnu-tools-for-stm32.12.3.rel1.win32_1.0.200.202406191623/tools/bin/../lib/gcc/arm-none-eabi/12.3.1/../../../../arm-none-eabi/lib/thumb/v7e-m+fp/hard\libc_nano.a(libc_a-init.o)
 .ARM.attributes
                0x000005bf       0x34 C:/ST/STM32CubeIDE_1.16.0/STM32CubeIDE/plugins/com.st.stm32cube.ide.mcu.externaltools.gnu-tools-for-stm32.12.3.rel1.win32_1.0.200.202406191623/tools/bin/../lib/gcc/arm-none-eabi/12.3.1/../../../../arm-none-eabi/lib/thumb/v7e-m+fp/hard\libc_nano.a(libc_a-memcpy-stub.o)
 .ARM.attributes
                0x000005f3       0x22 C:/ST/STM32CubeIDE_1.16.0/STM32CubeIDE/plugins/com.st.stm32cube.ide.mcu.externaltools.gnu-tools-for-stm32.12.3.rel1.win32_1.0.200.202406191623/tools/bin/../lib/gcc/arm-none-eabi/12.3.1/thumb/v7e-m+fp/hard\libgcc.a(_aeabi_uldivmod.o)
 .ARM.attributes
                0x00000615       0x34 C:/ST/STM32CubeIDE_1.16.0/STM32CubeIDE/plugins/com.st.stm32cube.ide.mcu.externaltools.gnu-tools-for-stm32.12.3.rel1.win32_1.0.200.202406191623/tools/bin/../lib/gcc/arm-none-eabi/12.3.1/thumb/v7e-m+fp/hard\libgcc.a(_udivmoddi4.o)
 .ARM.attributes
                0x00000649       0x22 C:/ST/STM32CubeIDE_1.16.0/STM32CubeIDE/plugins/com.st.stm32cube.ide.mcu.externaltools.gnu-tools-for-stm32.12.3.rel1.win32_1.0.200.202406191623/tools/bin/../lib/gcc/arm-none-eabi/12.3.1/thumb/v7e-m+fp/hard\libgcc.a(_dvmd_tls.o)
 .ARM.attributes
                0x0000066b       0x22 C:/ST/STM32CubeIDE_1.16.0/STM32CubeIDE/plugins/com.st.stm32cube.ide.mcu.externaltools.gnu-tools-for-stm32.12.3.rel1.win32_1.0.200.202406191623/tools/bin/../lib/gcc/arm-none-eabi/12.3.1/thumb/v7e-m+fp/hard/crtn.o
OUTPUT(SKadkhodayanFinal.elf elf32-littlearm)
LOAD linker stubs
LOAD C:/ST/STM32CubeIDE_1.16.0/STM32CubeIDE/plugins/com.st.stm32cube.ide.mcu.externaltools.gnu-tools-for-stm32.12.3.rel1.win32_1.0.200.202406191623/tools/bin/../lib/gcc/arm-none-eabi/12.3.1/../../../../arm-none-eabi/lib/thumb/v7e-m+fp/hard\libc.a
LOAD C:/ST/STM32CubeIDE_1.16.0/STM32CubeIDE/plugins/com.st.stm32cube.ide.mcu.externaltools.gnu-tools-for-stm32.12.3.rel1.win32_1.0.200.202406191623/tools/bin/../lib/gcc/arm-none-eabi/12.3.1/../../../../arm-none-eabi/lib/thumb/v7e-m+fp/hard\libm.a
LOAD C:/ST/STM32CubeIDE_1.16.0/STM32CubeIDE/plugins/com.st.stm32cube.ide.mcu.externaltools.gnu-tools-for-stm32.12.3.rel1.win32_1.0.200.202406191623/tools/bin/../lib/gcc/arm-none-eabi/12.3.1/thumb/v7e-m+fp/hard\libgcc.a

.debug_info     0x00000000    0x13a73
 .debug_info    0x00000000      0x10c ./Core/Src/ApplicationCode.o
 .debug_info    0x0000010c      0xdd6 ./Core/Src/LCD_Driver.o
 .debug_info    0x00000ee2      0x165 ./Core/Src/diagnosticsScreen.o
 .debug_info    0x00001047      0xc85 ./Core/Src/ili9341.o
 .debug_info    0x00001ccc      0x654 ./Core/Src/joystickDriver.o
 .debug_info    0x00002320     0x1e9b ./Core/Src/main.o
 .debug_info    0x000041bb      0x331 ./Core/Src/motorDriver.o
 .debug_info    0x000044ec     0x1b51 ./Core/Src/stm32f4xx_hal_msp.o
 .debug_info    0x0000603d      0x112 ./Core/Src/stm32f4xx_it.o
 .debug_info    0x0000614f      0x6a3 ./Core/Src/syscalls.o
 .debug_info    0x000067f2      0x52e ./Core/Src/system_stm32f4xx.o
 .debug_info    0x00006d20       0x30 ./Core/Startup/startup_stm32f429zitx.o
 .debug_info    0x00006d50      0x9ba ./Drivers/STM32F4xx_HAL_Driver/Src/stm32f4xx_hal.o
 .debug_info    0x0000770a      0xcd4 ./Drivers/STM32F4xx_HAL_Driver/Src/stm32f4xx_hal_adc.o
 .debug_info    0x000083de      0xdc2 ./Drivers/STM32F4xx_HAL_Driver/Src/stm32f4xx_hal_cortex.o
 .debug_info    0x000091a0      0x6db ./Drivers/STM32F4xx_HAL_Driver/Src/stm32f4xx_hal_gpio.o
 .debug_info    0x0000987b     0x2421 ./Drivers/STM32F4xx_HAL_Driver/Src/stm32f4xx_hal_i2c.o
 .debug_info    0x0000bc9c      0x672 ./Drivers/STM32F4xx_HAL_Driver/Src/stm32f4xx_hal_i2c_ex.o
 .debug_info    0x0000c30e     0x1022 ./Drivers/STM32F4xx_HAL_Driver/Src/stm32f4xx_hal_ltdc.o
 .debug_info    0x0000d330      0x8c7 ./Drivers/STM32F4xx_HAL_Driver/Src/stm32f4xx_hal_rcc.o
 .debug_info    0x0000dbf7      0x64c ./Drivers/STM32F4xx_HAL_Driver/Src/stm32f4xx_hal_rcc_ex.o
 .debug_info    0x0000e243      0x493 ./Drivers/STM32F4xx_HAL_Driver/Src/stm32f4xx_hal_rng.o
 .debug_info    0x0000e6d6     0x1525 ./Drivers/STM32F4xx_HAL_Driver/Src/stm32f4xx_hal_spi.o
 .debug_info    0x0000fbfb     0x299d ./Drivers/STM32F4xx_HAL_Driver/Src/stm32f4xx_hal_tim.o
 .debug_info    0x00012598     0x14db ./Drivers/STM32F4xx_HAL_Driver/Src/stm32f4xx_hal_tim_ex.o

.debug_abbrev   0x00000000     0x2f4d
 .debug_abbrev  0x00000000       0x87 ./Core/Src/ApplicationCode.o
 .debug_abbrev  0x00000087      0x2c7 ./Core/Src/LCD_Driver.o
 .debug_abbrev  0x0000034e       0xec ./Core/Src/diagnosticsScreen.o
 .debug_abbrev  0x0000043a      0x2c9 ./Core/Src/ili9341.o
 .debug_abbrev  0x00000703      0x151 ./Core/Src/joystickDriver.o
 .debug_abbrev  0x00000854      0x2b8 ./Core/Src/main.o
 .debug_abbrev  0x00000b0c      0x150 ./Core/Src/motorDriver.o
 .debug_abbrev  0x00000c5c      0x25c ./Core/Src/stm32f4xx_hal_msp.o
 .debug_abbrev  0x00000eb8       0x73 ./Core/Src/stm32f4xx_it.o
 .debug_abbrev  0x00000f2b      0x1b6 ./Core/Src/syscalls.o
 .debug_abbrev  0x000010e1      0x11a ./Core/Src/system_stm32f4xx.o
 .debug_abbrev  0x000011fb       0x24 ./Core/Startup/startup_stm32f429zitx.o
 .debug_abbrev  0x0000121f      0x214 ./Drivers/STM32F4xx_HAL_Driver/Src/stm32f4xx_hal.o
 .debug_abbrev  0x00001433      0x252 ./Drivers/STM32F4xx_HAL_Driver/Src/stm32f4xx_hal_adc.o
 .debug_abbrev  0x00001685      0x31d ./Drivers/STM32F4xx_HAL_Driver/Src/stm32f4xx_hal_cortex.o
 .debug_abbrev  0x000019a2      0x1d4 ./Drivers/STM32F4xx_HAL_Driver/Src/stm32f4xx_hal_gpio.o
 .debug_abbrev  0x00001b76      0x2ad ./Drivers/STM32F4xx_HAL_Driver/Src/stm32f4xx_hal_i2c.o
 .debug_abbrev  0x00001e23      0x157 ./Drivers/STM32F4xx_HAL_Driver/Src/stm32f4xx_hal_i2c_ex.o
 .debug_abbrev  0x00001f7a      0x233 ./Drivers/STM32F4xx_HAL_Driver/Src/stm32f4xx_hal_ltdc.o
 .debug_abbrev  0x000021ad      0x2b7 ./Drivers/STM32F4xx_HAL_Driver/Src/stm32f4xx_hal_rcc.o
 .debug_abbrev  0x00002464      0x1b0 ./Drivers/STM32F4xx_HAL_Driver/Src/stm32f4xx_hal_rcc_ex.o
 .debug_abbrev  0x00002614      0x1c4 ./Drivers/STM32F4xx_HAL_Driver/Src/stm32f4xx_hal_rng.o
 .debug_abbrev  0x000027d8      0x27a ./Drivers/STM32F4xx_HAL_Driver/Src/stm32f4xx_hal_spi.o
 .debug_abbrev  0x00002a52      0x278 ./Drivers/STM32F4xx_HAL_Driver/Src/stm32f4xx_hal_tim.o
 .debug_abbrev  0x00002cca      0x283 ./Drivers/STM32F4xx_HAL_Driver/Src/stm32f4xx_hal_tim_ex.o

.debug_aranges  0x00000000     0x1430
 .debug_aranges
                0x00000000       0x28 ./Core/Src/ApplicationCode.o
 .debug_aranges
                0x00000028       0x88 ./Core/Src/LCD_Driver.o
 .debug_aranges
                0x000000b0       0x28 ./Core/Src/diagnosticsScreen.o
 .debug_aranges
                0x000000d8       0x98 ./Core/Src/ili9341.o
 .debug_aranges
                0x00000170       0x20 ./Core/Src/joystickDriver.o
 .debug_aranges
                0x00000190       0x78 ./Core/Src/main.o
 .debug_aranges
                0x00000208       0x40 ./Core/Src/motorDriver.o
 .debug_aranges
                0x00000248       0x88 ./Core/Src/stm32f4xx_hal_msp.o
 .debug_aranges
                0x000002d0       0x60 ./Core/Src/stm32f4xx_it.o
 .debug_aranges
                0x00000330       0xa8 ./Core/Src/syscalls.o
 .debug_aranges
                0x000003d8       0x28 ./Core/Src/system_stm32f4xx.o
 .debug_aranges
                0x00000400       0x28 ./Core/Startup/startup_stm32f429zitx.o
 .debug_aranges
                0x00000428      0x100 ./Drivers/STM32F4xx_HAL_Driver/Src/stm32f4xx_hal.o
 .debug_aranges
                0x00000528       0xe8 ./Drivers/STM32F4xx_HAL_Driver/Src/stm32f4xx_hal_adc.o
 .debug_aranges
                0x00000610      0x130 ./Drivers/STM32F4xx_HAL_Driver/Src/stm32f4xx_hal_cortex.o
 .debug_aranges
                0x00000740       0x58 ./Drivers/STM32F4xx_HAL_Driver/Src/stm32f4xx_hal_gpio.o
 .debug_aranges
                0x00000798      0x2a8 ./Drivers/STM32F4xx_HAL_Driver/Src/stm32f4xx_hal_i2c.o
 .debug_aranges
                0x00000a40       0x28 ./Drivers/STM32F4xx_HAL_Driver/Src/stm32f4xx_hal_i2c_ex.o
 .debug_aranges
                0x00000a68      0x158 ./Drivers/STM32F4xx_HAL_Driver/Src/stm32f4xx_hal_ltdc.o
 .debug_aranges
                0x00000bc0       0x88 ./Drivers/STM32F4xx_HAL_Driver/Src/stm32f4xx_hal_rcc.o
 .debug_aranges
                0x00000c48       0x58 ./Drivers/STM32F4xx_HAL_Driver/Src/stm32f4xx_hal_rcc_ex.o
 .debug_aranges
                0x00000ca0       0x88 ./Drivers/STM32F4xx_HAL_Driver/Src/stm32f4xx_hal_rng.o
 .debug_aranges
                0x00000d28      0x1d0 ./Drivers/STM32F4xx_HAL_Driver/Src/stm32f4xx_hal_spi.o
 .debug_aranges
                0x00000ef8      0x3d0 ./Drivers/STM32F4xx_HAL_Driver/Src/stm32f4xx_hal_tim.o
 .debug_aranges
                0x000012c8      0x168 ./Drivers/STM32F4xx_HAL_Driver/Src/stm32f4xx_hal_tim_ex.o

.debug_rnglists
                0x00000000      0xfa4
 .debug_rnglists
                0x00000000       0x19 ./Core/Src/ApplicationCode.o
 .debug_rnglists
                0x00000019       0x67 ./Core/Src/LCD_Driver.o
 .debug_rnglists
                0x00000080       0x19 ./Core/Src/diagnosticsScreen.o
 .debug_rnglists
                0x00000099       0x6f ./Core/Src/ili9341.o
 .debug_rnglists
                0x00000108       0x14 ./Core/Src/joystickDriver.o
 .debug_rnglists
                0x0000011c       0x5e ./Core/Src/main.o
 .debug_rnglists
                0x0000017a       0x2c ./Core/Src/motorDriver.o
 .debug_rnglists
                0x000001a6       0x67 ./Core/Src/stm32f4xx_hal_msp.o
 .debug_rnglists
                0x0000020d       0x43 ./Core/Src/stm32f4xx_it.o
 .debug_rnglists
                0x00000250       0x79 ./Core/Src/syscalls.o
 .debug_rnglists
                0x000002c9       0x1a ./Core/Src/system_stm32f4xx.o
 .debug_rnglists
                0x000002e3       0x19 ./Core/Startup/startup_stm32f429zitx.o
 .debug_rnglists
                0x000002fc       0xbb ./Drivers/STM32F4xx_HAL_Driver/Src/stm32f4xx_hal.o
 .debug_rnglists
                0x000003b7       0xb5 ./Drivers/STM32F4xx_HAL_Driver/Src/stm32f4xx_hal_adc.o
 .debug_rnglists
                0x0000046c       0xe0 ./Drivers/STM32F4xx_HAL_Driver/Src/stm32f4xx_hal_cortex.o
 .debug_rnglists
                0x0000054c       0x3f ./Drivers/STM32F4xx_HAL_Driver/Src/stm32f4xx_hal_gpio.o
 .debug_rnglists
                0x0000058b      0x23c ./Drivers/STM32F4xx_HAL_Driver/Src/stm32f4xx_hal_i2c.o
 .debug_rnglists
                0x000007c7       0x19 ./Drivers/STM32F4xx_HAL_Driver/Src/stm32f4xx_hal_i2c_ex.o
 .debug_rnglists
                0x000007e0      0x10a ./Drivers/STM32F4xx_HAL_Driver/Src/stm32f4xx_hal_ltdc.o
 .debug_rnglists
                0x000008ea       0x66 ./Drivers/STM32F4xx_HAL_Driver/Src/stm32f4xx_hal_rcc.o
 .debug_rnglists
                0x00000950       0x43 ./Drivers/STM32F4xx_HAL_Driver/Src/stm32f4xx_hal_rcc_ex.o
 .debug_rnglists
                0x00000993       0x63 ./Drivers/STM32F4xx_HAL_Driver/Src/stm32f4xx_hal_rng.o
 .debug_rnglists
                0x000009f6      0x16f ./Drivers/STM32F4xx_HAL_Driver/Src/stm32f4xx_hal_spi.o
 .debug_rnglists
                0x00000b65      0x31a ./Drivers/STM32F4xx_HAL_Driver/Src/stm32f4xx_hal_tim.o
 .debug_rnglists
                0x00000e7f      0x125 ./Drivers/STM32F4xx_HAL_Driver/Src/stm32f4xx_hal_tim_ex.o

.debug_macro    0x00000000    0x283e5
 .debug_macro   0x00000000      0x36d ./Core/Src/ApplicationCode.o
 .debug_macro   0x0000036d      0xab4 ./Core/Src/ApplicationCode.o
 .debug_macro   0x00000e21      0x2b3 ./Core/Src/ApplicationCode.o
 .debug_macro   0x000010d4       0x2e ./Core/Src/ApplicationCode.o
 .debug_macro   0x00001102       0x28 ./Core/Src/ApplicationCode.o
 .debug_macro   0x0000112a       0x22 ./Core/Src/ApplicationCode.o
 .debug_macro   0x0000114c       0x8e ./Core/Src/ApplicationCode.o
 .debug_macro   0x000011da       0x51 ./Core/Src/ApplicationCode.o
 .debug_macro   0x0000122b      0x103 ./Core/Src/ApplicationCode.o
 .debug_macro   0x0000132e       0x6a ./Core/Src/ApplicationCode.o
 .debug_macro   0x00001398      0x1df ./Core/Src/ApplicationCode.o
 .debug_macro   0x00001577       0x1c ./Core/Src/ApplicationCode.o
 .debug_macro   0x00001593       0x22 ./Core/Src/ApplicationCode.o
 .debug_macro   0x000015b5       0xfb ./Core/Src/ApplicationCode.o
 .debug_macro   0x000016b0     0x1011 ./Core/Src/ApplicationCode.o
 .debug_macro   0x000026c1      0x11f ./Core/Src/ApplicationCode.o
 .debug_macro   0x000027e0    0x17fd8 ./Core/Src/ApplicationCode.o
 .debug_macro   0x0001a7b8       0x6d ./Core/Src/ApplicationCode.o
 .debug_macro   0x0001a825     0x3711 ./Core/Src/ApplicationCode.o
 .debug_macro   0x0001df36      0x189 ./Core/Src/ApplicationCode.o
 .debug_macro   0x0001e0bf       0x5c ./Core/Src/ApplicationCode.o
 .debug_macro   0x0001e11b      0xcba ./Core/Src/ApplicationCode.o
 .debug_macro   0x0001edd5      0x9e9 ./Core/Src/ApplicationCode.o
 .debug_macro   0x0001f7be      0x115 ./Core/Src/ApplicationCode.o
 .debug_macro   0x0001f8d3      0x156 ./Core/Src/ApplicationCode.o
 .debug_macro   0x0001fa29       0xa5 ./Core/Src/ApplicationCode.o
 .debug_macro   0x0001face      0x182 ./Core/Src/ApplicationCode.o
 .debug_macro   0x0001fc50      0x287 ./Core/Src/ApplicationCode.o
 .debug_macro   0x0001fed7       0x5f ./Core/Src/ApplicationCode.o
 .debug_macro   0x0001ff36      0x236 ./Core/Src/ApplicationCode.o
 .debug_macro   0x0002016c      0xb54 ./Core/Src/ApplicationCode.o
 .debug_macro   0x00020cc0      0x38b ./Core/Src/ApplicationCode.o
 .debug_macro   0x0002104b      0x184 ./Core/Src/ApplicationCode.o
 .debug_macro   0x000211cf       0xf9 ./Core/Src/ApplicationCode.o
 .debug_macro   0x000212c8      0x132 ./Core/Src/ApplicationCode.o
 .debug_macro   0x000213fa      0x41d ./Core/Src/ApplicationCode.o
 .debug_macro   0x00021817       0x2e ./Core/Src/ApplicationCode.o
 .debug_macro   0x00021845      0x1b5 ./Core/Src/ApplicationCode.o
 .debug_macro   0x000219fa       0x22 ./Core/Src/ApplicationCode.o
 .debug_macro   0x00021a1c       0xd6 ./Core/Src/ApplicationCode.o
 .debug_macro   0x00021af2      0x198 ./Core/Src/ApplicationCode.o
 .debug_macro   0x00021c8a       0xd6 ./Core/Src/ApplicationCode.o
 .debug_macro   0x00021d60      0x127 ./Core/Src/ApplicationCode.o
 .debug_macro   0x00021e87       0xe2 ./Core/Src/ApplicationCode.o
 .debug_macro   0x00021f69       0x89 ./Core/Src/ApplicationCode.o
 .debug_macro   0x00021ff2       0xa4 ./Core/Src/ApplicationCode.o
 .debug_macro   0x00022096      0x225 ./Core/Src/ApplicationCode.o
 .debug_macro   0x000222bb      0x8ed ./Core/Src/ApplicationCode.o
 .debug_macro   0x00022ba8       0x4d ./Core/Src/ApplicationCode.o
 .debug_macro   0x00022bf5      0x134 ./Core/Src/ApplicationCode.o
 .debug_macro   0x00022d29      0x332 ./Core/Src/ApplicationCode.o
 .debug_macro   0x0002305b       0x22 ./Core/Src/ApplicationCode.o
 .debug_macro   0x0002307d      0x179 ./Core/Src/ApplicationCode.o
 .debug_macro   0x000231f6       0x88 ./Core/Src/ApplicationCode.o
 .debug_macro   0x0002327e       0x61 ./Core/Src/ApplicationCode.o
 .debug_macro   0x000232df       0x2a ./Core/Src/ApplicationCode.o
 .debug_macro   0x00023309       0x43 ./Core/Src/ApplicationCode.o
 .debug_macro   0x0002334c       0x34 ./Core/Src/ApplicationCode.o
 .debug_macro   0x00023380       0x16 ./Core/Src/ApplicationCode.o
 .debug_macro   0x00023396       0x35 ./Core/Src/ApplicationCode.o
 .debug_macro   0x000233cb      0x369 ./Core/Src/ApplicationCode.o
 .debug_macro   0x00023734       0x10 ./Core/Src/ApplicationCode.o
 .debug_macro   0x00023744       0x16 ./Core/Src/ApplicationCode.o
 .debug_macro   0x0002375a       0x43 ./Core/Src/ApplicationCode.o
 .debug_macro   0x0002379d       0x34 ./Core/Src/ApplicationCode.o
 .debug_macro   0x000237d1       0x10 ./Core/Src/ApplicationCode.o
 .debug_macro   0x000237e1       0x58 ./Core/Src/ApplicationCode.o
 .debug_macro   0x00023839       0x8e ./Core/Src/ApplicationCode.o
 .debug_macro   0x000238c7       0x1c ./Core/Src/ApplicationCode.o
 .debug_macro   0x000238e3      0x177 ./Core/Src/ApplicationCode.o
 .debug_macro   0x00023a5a       0x16 ./Core/Src/ApplicationCode.o
 .debug_macro   0x00023a70       0x16 ./Core/Src/ApplicationCode.o
 .debug_macro   0x00023a86      0x146 ./Core/Src/ApplicationCode.o
 .debug_macro   0x00023bcc      0x26d ./Core/Src/LCD_Driver.o
 .debug_macro   0x00023e39      0x281 ./Core/Src/diagnosticsScreen.o
 .debug_macro   0x000240ba      0x242 ./Core/Src/ili9341.o
 .debug_macro   0x000242fc      0x32c ./Core/Src/ili9341.o
 .debug_macro   0x00024628      0x23d ./Core/Src/joystickDriver.o
 .debug_macro   0x00024865      0x37c ./Core/Src/main.o
 .debug_macro   0x00024be1      0x4bc ./Core/Src/main.o
 .debug_macro   0x0002509d      0x243 ./Core/Src/motorDriver.o
 .debug_macro   0x000252e0      0x242 ./Core/Src/stm32f4xx_hal_msp.o
 .debug_macro   0x00025522      0x24c ./Core/Src/stm32f4xx_it.o
 .debug_macro   0x0002576e      0x274 ./Core/Src/syscalls.o
 .debug_macro   0x000259e2       0x5b ./Core/Src/syscalls.o
 .debug_macro   0x00025a3d       0x94 ./Core/Src/syscalls.o
 .debug_macro   0x00025ad1       0x57 ./Core/Src/syscalls.o
 .debug_macro   0x00025b28       0x10 ./Core/Src/syscalls.o
 .debug_macro   0x00025b38       0x10 ./Core/Src/syscalls.o
 .debug_macro   0x00025b48       0x10 ./Core/Src/syscalls.o
 .debug_macro   0x00025b58       0x10 ./Core/Src/syscalls.o
 .debug_macro   0x00025b68       0x1c ./Core/Src/syscalls.o
 .debug_macro   0x00025b84       0x52 ./Core/Src/syscalls.o
 .debug_macro   0x00025bd6       0x22 ./Core/Src/syscalls.o
 .debug_macro   0x00025bf8       0x10 ./Core/Src/syscalls.o
 .debug_macro   0x00025c08       0x52 ./Core/Src/syscalls.o
 .debug_macro   0x00025c5a       0xcf ./Core/Src/syscalls.o
 .debug_macro   0x00025d29       0x1c ./Core/Src/syscalls.o
 .debug_macro   0x00025d45       0x3d ./Core/Src/syscalls.o
 .debug_macro   0x00025d82       0x35 ./Core/Src/syscalls.o
 .debug_macro   0x00025db7      0x12c ./Core/Src/syscalls.o
 .debug_macro   0x00025ee3       0x16 ./Core/Src/syscalls.o
 .debug_macro   0x00025ef9       0x16 ./Core/Src/syscalls.o
 .debug_macro   0x00025f0f       0x29 ./Core/Src/syscalls.o
 .debug_macro   0x00025f38       0x10 ./Core/Src/syscalls.o
 .debug_macro   0x00025f48      0x242 ./Core/Src/syscalls.o
 .debug_macro   0x0002618a       0x1c ./Core/Src/syscalls.o
 .debug_macro   0x000261a6       0x10 ./Core/Src/syscalls.o
 .debug_macro   0x000261b6      0x18a ./Core/Src/syscalls.o
 .debug_macro   0x00026340       0x16 ./Core/Src/syscalls.o
 .debug_macro   0x00026356       0xce ./Core/Src/syscalls.o
 .debug_macro   0x00026424      0x233 ./Core/Src/system_stm32f4xx.o
 .debug_macro   0x00026657      0x293 ./Drivers/STM32F4xx_HAL_Driver/Src/stm32f4xx_hal.o
 .debug_macro   0x000268ea      0x234 ./Drivers/STM32F4xx_HAL_Driver/Src/stm32f4xx_hal_adc.o
 .debug_macro   0x00026b1e      0x233 ./Drivers/STM32F4xx_HAL_Driver/Src/stm32f4xx_hal_cortex.o
 .debug_macro   0x00026d51      0x239 ./Drivers/STM32F4xx_HAL_Driver/Src/stm32f4xx_hal_gpio.o
 .debug_macro   0x00026f8a      0x281 ./Drivers/STM32F4xx_HAL_Driver/Src/stm32f4xx_hal_i2c.o
 .debug_macro   0x0002720b      0x233 ./Drivers/STM32F4xx_HAL_Driver/Src/stm32f4xx_hal_i2c_ex.o
 .debug_macro   0x0002743e      0x23b ./Drivers/STM32F4xx_HAL_Driver/Src/stm32f4xx_hal_ltdc.o
 .debug_macro   0x00027679      0x257 ./Drivers/STM32F4xx_HAL_Driver/Src/stm32f4xx_hal_rcc.o
 .debug_macro   0x000278d0      0x233 ./Drivers/STM32F4xx_HAL_Driver/Src/stm32f4xx_hal_rcc_ex.o
 .debug_macro   0x00027b03      0x239 ./Drivers/STM32F4xx_HAL_Driver/Src/stm32f4xx_hal_rng.o
 .debug_macro   0x00027d3c      0x242 ./Drivers/STM32F4xx_HAL_Driver/Src/stm32f4xx_hal_spi.o
 .debug_macro   0x00027f7e      0x234 ./Drivers/STM32F4xx_HAL_Driver/Src/stm32f4xx_hal_tim.o
 .debug_macro   0x000281b2      0x233 ./Drivers/STM32F4xx_HAL_Driver/Src/stm32f4xx_hal_tim_ex.o

.debug_line     0x00000000    0x19bea
 .debug_line    0x00000000      0xa07 ./Core/Src/ApplicationCode.o
 .debug_line    0x00000a07      0xba0 ./Core/Src/LCD_Driver.o
 .debug_line    0x000015a7      0x899 ./Core/Src/diagnosticsScreen.o
 .debug_line    0x00001e40      0xa51 ./Core/Src/ili9341.o
 .debug_line    0x00002891      0x82a ./Core/Src/joystickDriver.o
 .debug_line    0x000030bb      0xe7a ./Core/Src/main.o
 .debug_line    0x00003f35      0x8e6 ./Core/Src/motorDriver.o
 .debug_line    0x0000481b      0xac3 ./Core/Src/stm32f4xx_hal_msp.o
 .debug_line    0x000052de      0x8d2 ./Core/Src/stm32f4xx_it.o
 .debug_line    0x00005bb0      0x8b2 ./Core/Src/syscalls.o
 .debug_line    0x00006462      0x894 ./Core/Src/system_stm32f4xx.o
 .debug_line    0x00006cf6       0x7a ./Core/Startup/startup_stm32f429zitx.o
 .debug_line    0x00006d70      0xb33 ./Drivers/STM32F4xx_HAL_Driver/Src/stm32f4xx_hal.o
 .debug_line    0x000078a3     0x1391 ./Drivers/STM32F4xx_HAL_Driver/Src/stm32f4xx_hal_adc.o
 .debug_line    0x00008c34      0xdef ./Drivers/STM32F4xx_HAL_Driver/Src/stm32f4xx_hal_cortex.o
 .debug_line    0x00009a23      0xcb1 ./Drivers/STM32F4xx_HAL_Driver/Src/stm32f4xx_hal_gpio.o
 .debug_line    0x0000a6d4     0x3c43 ./Drivers/STM32F4xx_HAL_Driver/Src/stm32f4xx_hal_i2c.o
 .debug_line    0x0000e317      0x88a ./Drivers/STM32F4xx_HAL_Driver/Src/stm32f4xx_hal_i2c_ex.o
 .debug_line    0x0000eba1     0x18b4 ./Drivers/STM32F4xx_HAL_Driver/Src/stm32f4xx_hal_ltdc.o
 .debug_line    0x00010455      0xe88 ./Drivers/STM32F4xx_HAL_Driver/Src/stm32f4xx_hal_rcc.o
 .debug_line    0x000112dd      0xcd2 ./Drivers/STM32F4xx_HAL_Driver/Src/stm32f4xx_hal_rcc_ex.o
 .debug_line    0x00011faf      0xa8c ./Drivers/STM32F4xx_HAL_Driver/Src/stm32f4xx_hal_rng.o
 .debug_line    0x00012a3b     0x1e1b ./Drivers/STM32F4xx_HAL_Driver/Src/stm32f4xx_hal_spi.o
 .debug_line    0x00014856     0x38a1 ./Drivers/STM32F4xx_HAL_Driver/Src/stm32f4xx_hal_tim.o
 .debug_line    0x000180f7     0x1af3 ./Drivers/STM32F4xx_HAL_Driver/Src/stm32f4xx_hal_tim_ex.o

.debug_str      0x00000000    0xeef6a
 .debug_str     0x00000000    0xe65be ./Core/Src/ApplicationCode.o
                              0xe688a (size before relaxing)
 .debug_str     0x000e65be      0x6ca ./Core/Src/LCD_Driver.o
                              0xe382d (size before relaxing)
 .debug_str     0x000e6c88       0x7e ./Core/Src/diagnosticsScreen.o
                              0xe3173 (size before relaxing)
 .debug_str     0x000e6d06      0x537 ./Core/Src/ili9341.o
                              0xe2fdf (size before relaxing)
 .debug_str     0x000e723d      0x1d6 ./Core/Src/joystickDriver.o
                              0xe2097 (size before relaxing)
 .debug_str     0x000e7413     0x18ad ./Core/Src/main.o
                              0xe8c61 (size before relaxing)
 .debug_str     0x000e8cc0       0x93 ./Core/Src/motorDriver.o
                              0xe1d4b (size before relaxing)
 .debug_str     0x000e8d53      0x14a ./Core/Src/stm32f4xx_hal_msp.o
                              0xe3d48 (size before relaxing)
 .debug_str     0x000e8e9d       0xc9 ./Core/Src/stm32f4xx_it.o
                              0xe2b9e (size before relaxing)
 .debug_str     0x000e8f66     0x20a2 ./Core/Src/syscalls.o
                               0x98d2 (size before relaxing)
 .debug_str     0x000eb008       0xdb ./Core/Src/system_stm32f4xx.o
                              0xe1dd1 (size before relaxing)
 .debug_str     0x000eb0e3       0x44 ./Core/Startup/startup_stm32f429zitx.o
                                 0x9d (size before relaxing)
 .debug_str     0x000eb127      0xb7a ./Drivers/STM32F4xx_HAL_Driver/Src/stm32f4xx_hal.o
                              0xe29f4 (size before relaxing)
 .debug_str     0x000ebca1      0x27d ./Drivers/STM32F4xx_HAL_Driver/Src/stm32f4xx_hal_adc.o
                              0xe23ab (size before relaxing)
 .debug_str     0x000ebf1e      0x392 ./Drivers/STM32F4xx_HAL_Driver/Src/stm32f4xx_hal_cortex.o
                              0xe2722 (size before relaxing)
 .debug_str     0x000ec2b0      0x121 ./Drivers/STM32F4xx_HAL_Driver/Src/stm32f4xx_hal_gpio.o
                              0xe1f4c (size before relaxing)
 .debug_str     0x000ec3d1      0xb36 ./Drivers/STM32F4xx_HAL_Driver/Src/stm32f4xx_hal_i2c.o
                              0xe2de1 (size before relaxing)
 .debug_str     0x000ecf07       0x3b ./Drivers/STM32F4xx_HAL_Driver/Src/stm32f4xx_hal_i2c_ex.o
                              0xe21a0 (size before relaxing)
 .debug_str     0x000ecf42      0x491 ./Drivers/STM32F4xx_HAL_Driver/Src/stm32f4xx_hal_ltdc.o
                              0xe2435 (size before relaxing)
 .debug_str     0x000ed3d3      0x213 ./Drivers/STM32F4xx_HAL_Driver/Src/stm32f4xx_hal_rcc.o
                              0xe2205 (size before relaxing)
 .debug_str     0x000ed5e6      0x133 ./Drivers/STM32F4xx_HAL_Driver/Src/stm32f4xx_hal_rcc_ex.o
                              0xe1fcc (size before relaxing)
 .debug_str     0x000ed719      0x16f ./Drivers/STM32F4xx_HAL_Driver/Src/stm32f4xx_hal_rng.o
                              0xe1ebe (size before relaxing)
 .debug_str     0x000ed888      0x50a ./Drivers/STM32F4xx_HAL_Driver/Src/stm32f4xx_hal_spi.o
                              0xe267c (size before relaxing)
 .debug_str     0x000edd92      0xd45 ./Drivers/STM32F4xx_HAL_Driver/Src/stm32f4xx_hal_tim.o
                              0xe3148 (size before relaxing)
 .debug_str     0x000eead7      0x493 ./Drivers/STM32F4xx_HAL_Driver/Src/stm32f4xx_hal_tim_ex.o
                              0xe2954 (size before relaxing)

.comment        0x00000000       0x43
 .comment       0x00000000       0x43 ./Core/Src/ApplicationCode.o
                                 0x44 (size before relaxing)
 .comment       0x00000043       0x44 ./Core/Src/LCD_Driver.o
 .comment       0x00000043       0x44 ./Core/Src/diagnosticsScreen.o
 .comment       0x00000043       0x44 ./Core/Src/ili9341.o
 .comment       0x00000043       0x44 ./Core/Src/joystickDriver.o
 .comment       0x00000043       0x44 ./Core/Src/main.o
 .comment       0x00000043       0x44 ./Core/Src/motorDriver.o
 .comment       0x00000043       0x44 ./Core/Src/stm32f4xx_hal_msp.o
 .comment       0x00000043       0x44 ./Core/Src/stm32f4xx_it.o
 .comment       0x00000043       0x44 ./Core/Src/syscalls.o
 .comment       0x00000043       0x44 ./Core/Src/system_stm32f4xx.o
 .comment       0x00000043       0x44 ./Drivers/STM32F4xx_HAL_Driver/Src/stm32f4xx_hal.o
 .comment       0x00000043       0x44 ./Drivers/STM32F4xx_HAL_Driver/Src/stm32f4xx_hal_adc.o
 .comment       0x00000043       0x44 ./Drivers/STM32F4xx_HAL_Driver/Src/stm32f4xx_hal_cortex.o
 .comment       0x00000043       0x44 ./Drivers/STM32F4xx_HAL_Driver/Src/stm32f4xx_hal_gpio.o
 .comment       0x00000043       0x44 ./Drivers/STM32F4xx_HAL_Driver/Src/stm32f4xx_hal_i2c.o
 .comment       0x00000043       0x44 ./Drivers/STM32F4xx_HAL_Driver/Src/stm32f4xx_hal_i2c_ex.o
 .comment       0x00000043       0x44 ./Drivers/STM32F4xx_HAL_Driver/Src/stm32f4xx_hal_ltdc.o
 .comment       0x00000043       0x44 ./Drivers/STM32F4xx_HAL_Driver/Src/stm32f4xx_hal_rcc.o
 .comment       0x00000043       0x44 ./Drivers/STM32F4xx_HAL_Driver/Src/stm32f4xx_hal_rcc_ex.o
 .comment       0x00000043       0x44 ./Drivers/STM32F4xx_HAL_Driver/Src/stm32f4xx_hal_rng.o
 .comment       0x00000043       0x44 ./Drivers/STM32F4xx_HAL_Driver/Src/stm32f4xx_hal_spi.o
 .comment       0x00000043       0x44 ./Drivers/STM32F4xx_HAL_Driver/Src/stm32f4xx_hal_tim.o
 .comment       0x00000043       0x44 ./Drivers/STM32F4xx_HAL_Driver/Src/stm32f4xx_hal_tim_ex.o

.debug_frame    0x00000000     0x54e8
 .debug_frame   0x00000000       0x48 ./Core/Src/ApplicationCode.o
 .debug_frame   0x00000048      0x204 ./Core/Src/LCD_Driver.o
 .debug_frame   0x0000024c       0x50 ./Core/Src/diagnosticsScreen.o
 .debug_frame   0x0000029c      0x228 ./Core/Src/ili9341.o
 .debug_frame   0x000004c4       0x40 ./Core/Src/joystickDriver.o
 .debug_frame   0x00000504      0x1a4 ./Core/Src/main.o
 .debug_frame   0x000006a8       0xc8 ./Core/Src/motorDriver.o
 .debug_frame   0x00000770      0x21c ./Core/Src/stm32f4xx_hal_msp.o
 .debug_frame   0x0000098c      0x104 ./Core/Src/stm32f4xx_it.o
 .debug_frame   0x00000a90      0x2ac ./Core/Src/syscalls.o
 .debug_frame   0x00000d3c       0x58 ./Core/Src/system_stm32f4xx.o
 .debug_frame   0x00000d94      0x3b4 ./Drivers/STM32F4xx_HAL_Driver/Src/stm32f4xx_hal.o
 .debug_frame   0x00001148      0x3fc ./Drivers/STM32F4xx_HAL_Driver/Src/stm32f4xx_hal_adc.o
 .debug_frame   0x00001544      0x508 ./Drivers/STM32F4xx_HAL_Driver/Src/stm32f4xx_hal_cortex.o
 .debug_frame   0x00001a4c      0x14c ./Drivers/STM32F4xx_HAL_Driver/Src/stm32f4xx_hal_gpio.o
 .debug_frame   0x00001b98      0xc84 ./Drivers/STM32F4xx_HAL_Driver/Src/stm32f4xx_hal_i2c.o
 .debug_frame   0x0000281c       0x60 ./Drivers/STM32F4xx_HAL_Driver/Src/stm32f4xx_hal_i2c_ex.o
 .debug_frame   0x0000287c      0x61c ./Drivers/STM32F4xx_HAL_Driver/Src/stm32f4xx_hal_ltdc.o
 .debug_frame   0x00002e98      0x1f4 ./Drivers/STM32F4xx_HAL_Driver/Src/stm32f4xx_hal_rcc.o
 .debug_frame   0x0000308c      0x13c ./Drivers/STM32F4xx_HAL_Driver/Src/stm32f4xx_hal_rcc_ex.o
 .debug_frame   0x000031c8      0x22c ./Drivers/STM32F4xx_HAL_Driver/Src/stm32f4xx_hal_rng.o
 .debug_frame   0x000033f4      0x828 ./Drivers/STM32F4xx_HAL_Driver/Src/stm32f4xx_hal_spi.o
 .debug_frame   0x00003c1c     0x11c0 ./Drivers/STM32F4xx_HAL_Driver/Src/stm32f4xx_hal_tim.o
 .debug_frame   0x00004ddc      0x638 ./Drivers/STM32F4xx_HAL_Driver/Src/stm32f4xx_hal_tim_ex.o
 .debug_frame   0x00005414       0x20 C:/ST/STM32CubeIDE_1.16.0/STM32CubeIDE/plugins/com.st.stm32cube.ide.mcu.externaltools.gnu-tools-for-stm32.12.3.rel1.win32_1.0.200.202406191623/tools/bin/../lib/gcc/arm-none-eabi/12.3.1/../../../../arm-none-eabi/lib/thumb/v7e-m+fp/hard\libc_nano.a(libc_a-memset.o)
 .debug_frame   0x00005434       0x2c C:/ST/STM32CubeIDE_1.16.0/STM32CubeIDE/plugins/com.st.stm32cube.ide.mcu.externaltools.gnu-tools-for-stm32.12.3.rel1.win32_1.0.200.202406191623/tools/bin/../lib/gcc/arm-none-eabi/12.3.1/../../../../arm-none-eabi/lib/thumb/v7e-m+fp/hard\libc_nano.a(libc_a-init.o)
 .debug_frame   0x00005460       0x28 C:/ST/STM32CubeIDE_1.16.0/STM32CubeIDE/plugins/com.st.stm32cube.ide.mcu.externaltools.gnu-tools-for-stm32.12.3.rel1.win32_1.0.200.202406191623/tools/bin/../lib/gcc/arm-none-eabi/12.3.1/../../../../arm-none-eabi/lib/thumb/v7e-m+fp/hard\libc_nano.a(libc_a-memcpy-stub.o)
 .debug_frame   0x00005488       0x2c C:/ST/STM32CubeIDE_1.16.0/STM32CubeIDE/plugins/com.st.stm32cube.ide.mcu.externaltools.gnu-tools-for-stm32.12.3.rel1.win32_1.0.200.202406191623/tools/bin/../lib/gcc/arm-none-eabi/12.3.1/thumb/v7e-m+fp/hard\libgcc.a(_aeabi_uldivmod.o)
 .debug_frame   0x000054b4       0x34 C:/ST/STM32CubeIDE_1.16.0/STM32CubeIDE/plugins/com.st.stm32cube.ide.mcu.externaltools.gnu-tools-for-stm32.12.3.rel1.win32_1.0.200.202406191623/tools/bin/../lib/gcc/arm-none-eabi/12.3.1/thumb/v7e-m+fp/hard\libgcc.a(_udivmoddi4.o)

.debug_line_str
                0x00000000       0x81
 .debug_line_str
                0x00000000       0x81 ./Core/Startup/startup_stm32f429zitx.o
